gustavocdso8@GUSTAVO-LINUX:~$ sudo journalctl -xb
[sudo] senha para gustavocdso8: 
-- Logs begin at Wed 2018-07-11 17:33:40 -04, end at Sun 2018-07-15 18:50:54 -04. --
jul 15 18:49:37 GUSTAVO-LINUX kernel: Linux version 4.15.0-21deepin-generic (pbuilder@gs-PC) (gcc version
jul 15 18:49:37 GUSTAVO-LINUX kernel: Command line: BOOT_IMAGE=/boot/vmlinuz-4.15.0-21deepin-generic root
jul 15 18:49:37 GUSTAVO-LINUX kernel: KERNEL supported cpus:
jul 15 18:49:37 GUSTAVO-LINUX kernel:   Intel GenuineIntel
jul 15 18:49:37 GUSTAVO-LINUX kernel:   AMD AuthenticAMD
jul 15 18:49:37 GUSTAVO-LINUX kernel:   Centaur CentaurHauls
jul 15 18:49:37 GUSTAVO-LINUX kernel: x86/fpu: Supporting XSAVE feature 0x001: 'x87 floating point regist
jul 15 18:49:37 GUSTAVO-LINUX kernel: x86/fpu: Supporting XSAVE feature 0x002: 'SSE registers'
jul 15 18:49:37 GUSTAVO-LINUX kernel: x86/fpu: Supporting XSAVE feature 0x004: 'AVX registers'
jul 15 18:49:37 GUSTAVO-LINUX kernel: x86/fpu: Supporting XSAVE feature 0x008: 'MPX bounds registers'
jul 15 18:49:37 GUSTAVO-LINUX kernel: x86/fpu: Supporting XSAVE feature 0x010: 'MPX CSR'
jul 15 18:49:37 GUSTAVO-LINUX kernel: x86/fpu: xstate_offset[2]:  576, xstate_sizes[2]:  256
jul 15 18:49:37 GUSTAVO-LINUX kernel: x86/fpu: xstate_offset[3]:  832, xstate_sizes[3]:   64
jul 15 18:49:37 GUSTAVO-LINUX kernel: x86/fpu: xstate_offset[4]:  896, xstate_sizes[4]:   64
jul 15 18:49:37 GUSTAVO-LINUX kernel: x86/fpu: Enabled xstate features 0x1f, context size is 960 bytes, u
jul 15 18:49:37 GUSTAVO-LINUX kernel: e820: BIOS-provided physical RAM map:
jul 15 18:49:37 GUSTAVO-LINUX kernel: BIOS-e820: [mem 0x0000000000000000-0x0000000000057fff] usable
jul 15 18:49:37 GUSTAVO-LINUX kernel: BIOS-e820: [mem 0x0000000000058000-0x0000000000058fff] reserved
jul 15 18:49:37 GUSTAVO-LINUX kernel: BIOS-e820: [mem 0x0000000000059000-0x0000000000085fff] usable
jul 15 18:49:37 GUSTAVO-LINUX kernel: BIOS-e820: [mem 0x0000000000086000-0x00000000000fffff] reserved
jul 15 18:49:37 GUSTAVO-LINUX kernel: BIOS-e820: [mem 0x0000000000100000-0x0000000072778fff] usable
jul 15 18:49:37 GUSTAVO-LINUX kernel: BIOS-e820: [mem 0x0000000072779000-0x0000000072779fff] ACPI NVS
jul 15 18:49:37 GUSTAVO-LINUX kernel: BIOS-e820: [mem 0x000000007277a000-0x00000000727a3fff] reserved
jul 15 18:49:37 GUSTAVO-LINUX kernel: BIOS-e820: [mem 0x00000000727a4000-0x0000000072852fff] usable
jul 15 18:49:37 GUSTAVO-LINUX kernel: BIOS-e820: [mem 0x0000000072853000-0x0000000073252fff] reserved
jul 15 18:49:37 GUSTAVO-LINUX kernel: BIOS-e820: [mem 0x0000000073253000-0x0000000089467fff] usable
jul 15 18:49:37 GUSTAVO-LINUX kernel: BIOS-e820: [mem 0x0000000089468000-0x0000000089667fff] type 20
jul 15 18:49:37 GUSTAVO-LINUX kernel: BIOS-e820: [mem 0x0000000089668000-0x0000000089e57fff] reserved
jul 15 18:49:37 GUSTAVO-LINUX kernel: BIOS-e820: [mem 0x0000000089e58000-0x000000008be57fff] ACPI NVS
jul 15 18:49:37 GUSTAVO-LINUX kernel: BIOS-e820: [mem 0x000000008be58000-0x000000008befdfff] ACPI data
jul 15 18:49:37 GUSTAVO-LINUX kernel: BIOS-e820: [mem 0x000000008befe000-0x000000008befefff] usable
jul 15 18:49:37 GUSTAVO-LINUX kernel: BIOS-e820: [mem 0x000000008beff000-0x000000008f7fffff] reserved
jul 15 18:49:37 GUSTAVO-LINUX kernel: BIOS-e820: [mem 0x00000000e0000000-0x00000000efffffff] reserved
jul 15 18:49:37 GUSTAVO-LINUX kernel: BIOS-e820: [mem 0x00000000fd000000-0x00000000fe7fffff] reserved
jul 15 18:49:37 GUSTAVO-LINUX kernel: BIOS-e820: [mem 0x00000000feb00000-0x00000000feb03fff] reserved
jul 15 18:49:37 GUSTAVO-LINUX kernel: BIOS-e820: [mem 0x00000000fec00000-0x00000000fec00fff] reserved
jul 15 18:49:37 GUSTAVO-LINUX kernel: BIOS-e820: [mem 0x00000000fed00000-0x00000000fed00fff] reserved
jul 15 18:49:37 GUSTAVO-LINUX kernel: BIOS-e820: [mem 0x00000000fed10000-0x00000000fed19fff] reserved
jul 15 18:49:37 GUSTAVO-LINUX kernel: BIOS-e820: [mem 0x00000000fed84000-0x00000000fed84fff] reserved
jul 15 18:49:37 GUSTAVO-LINUX kernel: BIOS-e820: [mem 0x00000000fee00000-0x00000000fee00fff] reserved
jul 15 18:49:37 GUSTAVO-LINUX kernel: BIOS-e820: [mem 0x00000000ffa00000-0x00000000ffffffff] reserved
jul 15 18:49:37 GUSTAVO-LINUX kernel: BIOS-e820: [mem 0x0000000100000000-0x000000016f7fffff] usable
jul 15 18:49:37 GUSTAVO-LINUX kernel: NX (Execute Disable) protection: active
jul 15 18:49:37 GUSTAVO-LINUX kernel: efi: EFI v2.40 by INSYDE Corp.
jul 15 18:49:37 GUSTAVO-LINUX kernel: efi:  SMBIOS=0x896da000  ESRT=0x896dbc18  ACPI 2.0=0x8befd014 
jul 15 18:49:37 GUSTAVO-LINUX kernel: secureboot: Secure boot could not be determined (mode 0)
jul 15 18:49:37 GUSTAVO-LINUX kernel: random: fast init done
jul 15 18:49:37 GUSTAVO-LINUX kernel: SMBIOS 2.8 present.
jul 15 18:49:37 GUSTAVO-LINUX kernel: DMI: LENOVO 80UD/Lenovo ideapad 1, BIOS 1TCN25WW(V2.06) 07/11/2017
jul 15 18:49:37 GUSTAVO-LINUX kernel: e820: update [mem 0x00000000-0x00000fff] usable ==> reserved
jul 15 18:49:37 GUSTAVO-LINUX kernel: e820: remove [mem 0x000a0000-0x000fffff] usable
jul 15 18:49:37 GUSTAVO-LINUX kernel: e820: last_pfn = 0x16f800 max_arch_pfn = 0x400000000
jul 15 18:49:37 GUSTAVO-LINUX kernel: MTRR default type: uncachable
jul 15 18:49:37 GUSTAVO-LINUX kernel: MTRR fixed ranges enabled:
jul 15 18:49:37 GUSTAVO-LINUX kernel:   00000-9FFFF write-back
jul 15 18:49:37 GUSTAVO-LINUX kernel:   A0000-BFFFF uncachable
jul 15 18:49:37 GUSTAVO-LINUX kernel:   C0000-FFFFF write-protect
jul 15 18:49:37 GUSTAVO-LINUX kernel: MTRR variable ranges enabled:
jul 15 18:49:37 GUSTAVO-LINUX kernel:   0 base 0000000000 mask 7E00000000 write-back
jul 15 18:49:37 GUSTAVO-LINUX kernel:   1 base 008BEFF000 mask 7FFFFFF000 uncachable
jul 15 18:49:37 GUSTAVO-LINUX kernel:   2 base 008BF00000 mask 7FFFF00000 uncachable
jul 15 18:49:37 GUSTAVO-LINUX kernel:   3 base 008C000000 mask 7FFC000000 uncachable
jul 15 18:49:37 GUSTAVO-LINUX kernel:   4 base 0090000000 mask 7FF0000000 uncachable
jul 15 18:49:37 GUSTAVO-LINUX kernel:   5 base 00A0000000 mask 7FE0000000 uncachable
jul 15 18:49:37 GUSTAVO-LINUX kernel:   6 base 00C0000000 mask 7FC0000000 uncachable
jul 15 18:49:37 GUSTAVO-LINUX kernel:   7 disabled
jul 15 18:49:37 GUSTAVO-LINUX kernel:   8 disabled
jul 15 18:49:37 GUSTAVO-LINUX kernel:   9 disabled
jul 15 18:49:37 GUSTAVO-LINUX kernel: x86/PAT: Configuration [0-7]: WB  WC  UC- UC  WB  WP  UC- WT  
jul 15 18:49:37 GUSTAVO-LINUX kernel: total RAM covered: 6334M
jul 15 18:49:37 GUSTAVO-LINUX kernel:  gran_size: 64K         chunk_size: 64K         num_reg: 10        
jul 15 18:49:37 GUSTAVO-LINUX kernel:  gran_size: 64K         chunk_size: 128K         num_reg: 10       
jul 15 18:49:37 GUSTAVO-LINUX kernel:  gran_size: 64K         chunk_size: 256K         num_reg: 10       
jul 15 18:49:37 GUSTAVO-LINUX kernel:  gran_size: 64K         chunk_size: 512K         num_reg: 10       
jul 15 18:49:37 GUSTAVO-LINUX kernel:  gran_size: 64K         chunk_size: 1M         num_reg: 10         
jul 15 18:49:37 GUSTAVO-LINUX kernel:  gran_size: 64K         chunk_size: 2M         num_reg: 6          
jul 15 18:49:37 GUSTAVO-LINUX kernel:  gran_size: 64K         chunk_size: 4M         num_reg: 6          
jul 15 18:49:37 GUSTAVO-LINUX kernel:  gran_size: 64K         chunk_size: 8M         num_reg: 6          
jul 15 18:49:37 GUSTAVO-LINUX kernel:  gran_size: 64K         chunk_size: 16M         num_reg: 6         
jul 15 18:49:37 GUSTAVO-LINUX kernel:  gran_size: 64K         chunk_size: 32M         num_reg: 6         
jul 15 18:49:37 GUSTAVO-LINUX kernel:  gran_size: 64K         chunk_size: 64M         num_reg: 6         
jul 15 18:49:37 GUSTAVO-LINUX kernel:  gran_size: 64K         chunk_size: 128M         num_reg: 6        
jul 15 18:49:37 GUSTAVO-LINUX kernel:  gran_size: 64K         chunk_size: 256M         num_reg: 6        
jul 15 18:49:37 GUSTAVO-LINUX kernel:  gran_size: 64K         chunk_size: 512M         num_reg: 7        
jul 15 18:49:37 GUSTAVO-LINUX kernel:  gran_size: 64K         chunk_size: 1G         num_reg: 8          
jul 15 18:49:37 GUSTAVO-LINUX kernel:  gran_size: 64K         chunk_size: 2G         num_reg: 8          
jul 15 18:49:37 GUSTAVO-LINUX kernel:  gran_size: 128K         chunk_size: 128K         num_reg: 10      
jul 15 18:49:37 GUSTAVO-LINUX kernel:  gran_size: 128K         chunk_size: 256K         num_reg: 10      
jul 15 18:49:37 GUSTAVO-LINUX kernel:  gran_size: 128K         chunk_size: 512K         num_reg: 10      
jul 15 18:49:37 GUSTAVO-LINUX kernel:  gran_size: 128K         chunk_size: 1M         num_reg: 10        
jul 15 18:49:37 GUSTAVO-LINUX kernel:  gran_size: 128K         chunk_size: 2M         num_reg: 6         
jul 15 18:49:37 GUSTAVO-LINUX kernel:  gran_size: 128K         chunk_size: 4M         num_reg: 6         
jul 15 18:49:37 GUSTAVO-LINUX kernel:  gran_size: 128K         chunk_size: 8M         num_reg: 6         
jul 15 18:49:37 GUSTAVO-LINUX kernel:  gran_size: 128K         chunk_size: 16M         num_reg: 6        
jul 15 18:49:37 GUSTAVO-LINUX kernel:  gran_size: 128K         chunk_size: 32M         num_reg: 6        
jul 15 18:49:37 GUSTAVO-LINUX kernel:  gran_size: 128K         chunk_size: 64M         num_reg: 6        
jul 15 18:49:37 GUSTAVO-LINUX kernel:  gran_size: 128K         chunk_size: 128M         num_reg: 6       
jul 15 18:49:37 GUSTAVO-LINUX kernel:  gran_size: 128K         chunk_size: 256M         num_reg: 6       
jul 15 18:49:37 GUSTAVO-LINUX kernel:  gran_size: 128K         chunk_size: 512M         num_reg: 7       
jul 15 18:49:37 GUSTAVO-LINUX kernel:  gran_size: 128K         chunk_size: 1G         num_reg: 8         
jul 15 18:49:37 GUSTAVO-LINUX kernel:  gran_size: 128K         chunk_size: 2G         num_reg: 8         
jul 15 18:49:37 GUSTAVO-LINUX kernel:  gran_size: 256K         chunk_size: 256K         num_reg: 10      
jul 15 18:49:37 GUSTAVO-LINUX kernel:  gran_size: 256K         chunk_size: 512K         num_reg: 10      
jul 15 18:49:37 GUSTAVO-LINUX kernel:  gran_size: 256K         chunk_size: 1M         num_reg: 10        
jul 15 18:49:37 GUSTAVO-LINUX kernel:  gran_size: 256K         chunk_size: 2M         num_reg: 6         
jul 15 18:49:37 GUSTAVO-LINUX kernel:  gran_size: 256K         chunk_size: 4M         num_reg: 6         
jul 15 18:49:37 GUSTAVO-LINUX kernel:  gran_size: 256K         chunk_size: 8M         num_reg: 6         
jul 15 18:49:37 GUSTAVO-LINUX kernel:  gran_size: 256K         chunk_size: 16M         num_reg: 6        
jul 15 18:49:37 GUSTAVO-LINUX kernel:  gran_size: 256K         chunk_size: 32M         num_reg: 6        
jul 15 18:49:37 GUSTAVO-LINUX kernel:  gran_size: 256K         chunk_size: 64M         num_reg: 6        
jul 15 18:49:37 GUSTAVO-LINUX kernel:  gran_size: 256K         chunk_size: 128M         num_reg: 6       
jul 15 18:49:37 GUSTAVO-LINUX kernel:  gran_size: 256K         chunk_size: 256M         num_reg: 6       
jul 15 18:49:37 GUSTAVO-LINUX kernel:  gran_size: 256K         chunk_size: 512M         num_reg: 7       
jul 15 18:49:37 GUSTAVO-LINUX kernel:  gran_size: 256K         chunk_size: 1G         num_reg: 8         
jul 15 18:49:37 GUSTAVO-LINUX kernel:  gran_size: 256K         chunk_size: 2G         num_reg: 8         
jul 15 18:49:37 GUSTAVO-LINUX kernel:  gran_size: 512K         chunk_size: 512K         num_reg: 9       
jul 15 18:49:37 GUSTAVO-LINUX kernel:  gran_size: 512K         chunk_size: 1M         num_reg: 10        
jul 15 18:49:37 GUSTAVO-LINUX kernel:  gran_size: 512K         chunk_size: 2M         num_reg: 6         
jul 15 18:49:37 GUSTAVO-LINUX kernel:  gran_size: 512K         chunk_size: 4M         num_reg: 6         
jul 15 18:49:37 GUSTAVO-LINUX kernel:  gran_size: 512K         chunk_size: 8M         num_reg: 6         
jul 15 18:49:37 GUSTAVO-LINUX kernel:  gran_size: 512K         chunk_size: 16M         num_reg: 6        
jul 15 18:49:37 GUSTAVO-LINUX kernel:  gran_size: 512K         chunk_size: 32M         num_reg: 6        
jul 15 18:49:37 GUSTAVO-LINUX kernel:  gran_size: 512K         chunk_size: 64M         num_reg: 6        
jul 15 18:49:37 GUSTAVO-LINUX kernel:  gran_size: 512K         chunk_size: 128M         num_reg: 6       
jul 15 18:49:37 GUSTAVO-LINUX kernel:  gran_size: 512K         chunk_size: 256M         num_reg: 6       
jul 15 18:49:37 GUSTAVO-LINUX kernel:  gran_size: 512K         chunk_size: 512M         num_reg: 7       
jul 15 18:49:37 GUSTAVO-LINUX kernel:  gran_size: 512K         chunk_size: 1G         num_reg: 8         
jul 15 18:49:37 GUSTAVO-LINUX kernel:  gran_size: 512K         chunk_size: 2G         num_reg: 8         
jul 15 18:49:37 GUSTAVO-LINUX kernel:  gran_size: 1M         chunk_size: 1M         num_reg: 8          l
jul 15 18:49:37 GUSTAVO-LINUX kernel:  gran_size: 1M         chunk_size: 2M         num_reg: 8          l
jul 15 18:49:37 GUSTAVO-LINUX kernel:  gran_size: 1M         chunk_size: 4M         num_reg: 5          l
jul 15 18:49:37 GUSTAVO-LINUX kernel:  gran_size: 1M         chunk_size: 8M         num_reg: 5          l
jul 15 18:49:37 GUSTAVO-LINUX kernel:  gran_size: 1M         chunk_size: 16M         num_reg: 5          
jul 15 18:49:37 GUSTAVO-LINUX kernel:  gran_size: 1M         chunk_size: 32M         num_reg: 5          
jul 15 18:49:37 GUSTAVO-LINUX kernel:  gran_size: 1M         chunk_size: 64M         num_reg: 5          
jul 15 18:49:37 GUSTAVO-LINUX kernel:  gran_size: 1M         chunk_size: 128M         num_reg: 5         
jul 15 18:49:37 GUSTAVO-LINUX kernel:  gran_size: 1M         chunk_size: 256M         num_reg: 5         
jul 15 18:49:37 GUSTAVO-LINUX kernel:  gran_size: 1M         chunk_size: 512M         num_reg: 6         
jul 15 18:49:37 GUSTAVO-LINUX kernel:  gran_size: 1M         chunk_size: 1G         num_reg: 7          l
jul 15 18:49:37 GUSTAVO-LINUX kernel:  gran_size: 1M         chunk_size: 2G         num_reg: 7          l
jul 15 18:49:37 GUSTAVO-LINUX kernel:  gran_size: 2M         chunk_size: 2M         num_reg: 8          l
jul 15 18:49:37 GUSTAVO-LINUX kernel:  gran_size: 2M         chunk_size: 4M         num_reg: 5          l
jul 15 18:49:37 GUSTAVO-LINUX kernel:  gran_size: 2M         chunk_size: 8M         num_reg: 5          l
jul 15 18:49:37 GUSTAVO-LINUX kernel:  gran_size: 2M         chunk_size: 16M         num_reg: 5          
jul 15 18:49:37 GUSTAVO-LINUX kernel:  gran_size: 2M         chunk_size: 32M         num_reg: 5          
jul 15 18:49:37 GUSTAVO-LINUX kernel:  gran_size: 2M         chunk_size: 64M         num_reg: 5          
jul 15 18:49:37 GUSTAVO-LINUX kernel:  gran_size: 2M         chunk_size: 128M         num_reg: 5         
jul 15 18:49:37 GUSTAVO-LINUX kernel:  gran_size: 2M         chunk_size: 256M         num_reg: 5         
jul 15 18:49:37 GUSTAVO-LINUX kernel:  gran_size: 2M         chunk_size: 512M         num_reg: 6         
jul 15 18:49:37 GUSTAVO-LINUX kernel:  gran_size: 2M         chunk_size: 1G         num_reg: 7          l
jul 15 18:49:37 GUSTAVO-LINUX kernel:  gran_size: 2M         chunk_size: 2G         num_reg: 7          l
jul 15 18:49:37 GUSTAVO-LINUX kernel:  gran_size: 4M         chunk_size: 4M         num_reg: 7          l
jul 15 18:49:37 GUSTAVO-LINUX kernel:  gran_size: 4M         chunk_size: 8M         num_reg: 5          l
jul 15 18:49:37 GUSTAVO-LINUX kernel:  gran_size: 4M         chunk_size: 16M         num_reg: 5          
jul 15 18:49:37 GUSTAVO-LINUX kernel:  gran_size: 4M         chunk_size: 32M         num_reg: 5          
jul 15 18:49:37 GUSTAVO-LINUX kernel:  gran_size: 4M         chunk_size: 64M         num_reg: 5          
jul 15 18:49:37 GUSTAVO-LINUX kernel:  gran_size: 4M         chunk_size: 128M         num_reg: 5         
jul 15 18:49:37 GUSTAVO-LINUX kernel:  gran_size: 4M         chunk_size: 256M         num_reg: 5         
jul 15 18:49:37 GUSTAVO-LINUX kernel:  gran_size: 4M         chunk_size: 512M         num_reg: 6         
jul 15 18:49:37 GUSTAVO-LINUX kernel:  gran_size: 4M         chunk_size: 1G         num_reg: 7          l
jul 15 18:49:37 GUSTAVO-LINUX kernel:  gran_size: 4M         chunk_size: 2G         num_reg: 7          l
jul 15 18:49:37 GUSTAVO-LINUX kernel:  gran_size: 8M         chunk_size: 8M         num_reg: 6          l
jul 15 18:49:37 GUSTAVO-LINUX kernel:  gran_size: 8M         chunk_size: 16M         num_reg: 5          
jul 15 18:49:37 GUSTAVO-LINUX kernel:  gran_size: 8M         chunk_size: 32M         num_reg: 5          
jul 15 18:49:37 GUSTAVO-LINUX kernel:  gran_size: 8M         chunk_size: 64M         num_reg: 5          
jul 15 18:49:37 GUSTAVO-LINUX kernel:  gran_size: 8M         chunk_size: 128M         num_reg: 5         
jul 15 18:49:37 GUSTAVO-LINUX kernel:  gran_size: 8M         chunk_size: 256M         num_reg: 5         
jul 15 18:49:37 GUSTAVO-LINUX kernel:  gran_size: 8M         chunk_size: 512M         num_reg: 6         
jul 15 18:49:37 GUSTAVO-LINUX kernel:  gran_size: 8M         chunk_size: 1G         num_reg: 7          l
jul 15 18:49:37 GUSTAVO-LINUX kernel:  gran_size: 8M         chunk_size: 2G         num_reg: 7          l
jul 15 18:49:37 GUSTAVO-LINUX kernel:  gran_size: 16M         chunk_size: 16M         num_reg: 5         
jul 15 18:49:37 GUSTAVO-LINUX kernel:  gran_size: 16M         chunk_size: 32M         num_reg: 5         
jul 15 18:49:37 GUSTAVO-LINUX kernel:  gran_size: 16M         chunk_size: 64M         num_reg: 5         
jul 15 18:49:37 GUSTAVO-LINUX kernel:  gran_size: 16M         chunk_size: 128M         num_reg: 5        
jul 15 18:49:37 GUSTAVO-LINUX kernel:  gran_size: 16M         chunk_size: 256M         num_reg: 5        
jul 15 18:49:37 GUSTAVO-LINUX kernel:  gran_size: 16M         chunk_size: 512M         num_reg: 6        
jul 15 18:49:37 GUSTAVO-LINUX kernel:  gran_size: 16M         chunk_size: 1G         num_reg: 7          
jul 15 18:49:37 GUSTAVO-LINUX kernel:  gran_size: 16M         chunk_size: 2G         num_reg: 7          
jul 15 18:49:37 GUSTAVO-LINUX kernel:  gran_size: 32M         chunk_size: 32M         num_reg: 4         
jul 15 18:49:37 GUSTAVO-LINUX kernel:  gran_size: 32M         chunk_size: 64M         num_reg: 5         
jul 15 18:49:37 GUSTAVO-LINUX kernel:  gran_size: 32M         chunk_size: 128M         num_reg: 5        
jul 15 18:49:37 GUSTAVO-LINUX kernel:  gran_size: 32M         chunk_size: 256M         num_reg: 5        
jul 15 18:49:37 GUSTAVO-LINUX kernel:  gran_size: 32M         chunk_size: 512M         num_reg: 6        
jul 15 18:49:37 GUSTAVO-LINUX kernel:  gran_size: 32M         chunk_size: 1G         num_reg: 7          
jul 15 18:49:37 GUSTAVO-LINUX kernel:  gran_size: 32M         chunk_size: 2G         num_reg: 7          
jul 15 18:49:37 GUSTAVO-LINUX kernel:  gran_size: 64M         chunk_size: 64M         num_reg: 3         
jul 15 18:49:37 GUSTAVO-LINUX kernel:  gran_size: 64M         chunk_size: 128M         num_reg: 3        
jul 15 18:49:37 GUSTAVO-LINUX kernel:  gran_size: 64M         chunk_size: 256M         num_reg: 4        
jul 15 18:49:37 GUSTAVO-LINUX kernel:  gran_size: 64M         chunk_size: 512M         num_reg: 5        
jul 15 18:49:37 GUSTAVO-LINUX kernel:  gran_size: 64M         chunk_size: 1G         num_reg: 6          
jul 15 18:49:37 GUSTAVO-LINUX kernel:  gran_size: 64M         chunk_size: 2G         num_reg: 6          
jul 15 18:49:37 GUSTAVO-LINUX kernel:  gran_size: 128M         chunk_size: 128M         num_reg: 3       
jul 15 18:49:37 GUSTAVO-LINUX kernel:  gran_size: 128M         chunk_size: 256M         num_reg: 4       
jul 15 18:49:37 GUSTAVO-LINUX kernel:  gran_size: 128M         chunk_size: 512M         num_reg: 5       
jul 15 18:49:37 GUSTAVO-LINUX kernel:  gran_size: 128M         chunk_size: 1G         num_reg: 6         
jul 15 18:49:37 GUSTAVO-LINUX kernel:  gran_size: 128M         chunk_size: 2G         num_reg: 6         
jul 15 18:49:37 GUSTAVO-LINUX kernel:  gran_size: 256M         chunk_size: 256M         num_reg: 2       
jul 15 18:49:37 GUSTAVO-LINUX kernel:  gran_size: 256M         chunk_size: 512M         num_reg: 2       
jul 15 18:49:37 GUSTAVO-LINUX kernel:  gran_size: 256M         chunk_size: 1G         num_reg: 2         
jul 15 18:49:37 GUSTAVO-LINUX kernel:  gran_size: 256M         chunk_size: 2G         num_reg: 2         
jul 15 18:49:37 GUSTAVO-LINUX kernel:  gran_size: 512M         chunk_size: 512M         num_reg: 2       
jul 15 18:49:37 GUSTAVO-LINUX kernel:  gran_size: 512M         chunk_size: 1G         num_reg: 2         
jul 15 18:49:37 GUSTAVO-LINUX kernel:  gran_size: 512M         chunk_size: 2G         num_reg: 2         
jul 15 18:49:37 GUSTAVO-LINUX kernel:  gran_size: 1G         chunk_size: 1G         num_reg: 2          l
jul 15 18:49:37 GUSTAVO-LINUX kernel:  gran_size: 1G         chunk_size: 2G         num_reg: 2          l
jul 15 18:49:37 GUSTAVO-LINUX kernel:  gran_size: 2G         chunk_size: 2G         num_reg: 2          l
jul 15 18:49:37 GUSTAVO-LINUX kernel: mtrr_cleanup: can not find optimal value
jul 15 18:49:37 GUSTAVO-LINUX kernel: please specify mtrr_gran_size/mtrr_chunk_size
jul 15 18:49:37 GUSTAVO-LINUX kernel: e820: update [mem 0x8beff000-0xffffffff] usable ==> reserved
jul 15 18:49:37 GUSTAVO-LINUX kernel: e820: last_pfn = 0x8beff max_arch_pfn = 0x400000000
jul 15 18:49:37 GUSTAVO-LINUX kernel: esrt: Reserving ESRT space from 0x00000000896dbc18 to 0x00000000896
jul 15 18:49:37 GUSTAVO-LINUX kernel: Scanning 1 areas for low memory corruption
jul 15 18:49:37 GUSTAVO-LINUX kernel: Base memory trampoline at [        (ptrval)] 7c000 size 24576
jul 15 18:49:37 GUSTAVO-LINUX kernel: Using GB pages for direct mapping
jul 15 18:49:37 GUSTAVO-LINUX kernel: BRK [0x10233e000, 0x10233efff] PGTABLE
jul 15 18:49:37 GUSTAVO-LINUX kernel: BRK [0x10233f000, 0x10233ffff] PGTABLE
jul 15 18:49:37 GUSTAVO-LINUX kernel: BRK [0x102340000, 0x102340fff] PGTABLE
jul 15 18:49:37 GUSTAVO-LINUX kernel: BRK [0x102341000, 0x102341fff] PGTABLE
jul 15 18:49:37 GUSTAVO-LINUX kernel: BRK [0x102342000, 0x102342fff] PGTABLE
jul 15 18:49:37 GUSTAVO-LINUX kernel: BRK [0x102343000, 0x102343fff] PGTABLE
jul 15 18:49:37 GUSTAVO-LINUX kernel: BRK [0x102344000, 0x102344fff] PGTABLE
jul 15 18:49:37 GUSTAVO-LINUX kernel: BRK [0x102345000, 0x102345fff] PGTABLE
jul 15 18:49:37 GUSTAVO-LINUX kernel: BRK [0x102346000, 0x102346fff] PGTABLE
jul 15 18:49:37 GUSTAVO-LINUX kernel: BRK [0x102347000, 0x102347fff] PGTABLE
jul 15 18:49:37 GUSTAVO-LINUX kernel: BRK [0x102348000, 0x102348fff] PGTABLE
jul 15 18:49:37 GUSTAVO-LINUX kernel: BRK [0x102349000, 0x102349fff] PGTABLE
jul 15 18:49:37 GUSTAVO-LINUX kernel: RAMDISK: [mem 0x31edc000-0x34f65fff]
jul 15 18:49:37 GUSTAVO-LINUX kernel: ACPI: Early table checksum verification disabled
jul 15 18:49:37 GUSTAVO-LINUX kernel: ACPI: RSDP 0x000000008BEFD014 000024 (v02 LENOVO)
jul 15 18:49:37 GUSTAVO-LINUX kernel: ACPI: XSDT 0x000000008BECF188 0000F4 (v01 LENOVO CB-01    00000001 
jul 15 18:49:37 GUSTAVO-LINUX kernel: ACPI: FACP 0x000000008BEEA000 00010C (v05 LENOVO CB-01    00000001 
jul 15 18:49:37 GUSTAVO-LINUX kernel: ACPI: DSDT 0x000000008BED2000 013032 (v02 LENOVO CB-01    00000001 
jul 15 18:49:37 GUSTAVO-LINUX kernel: ACPI: FACS 0x000000008BE45000 000040
jul 15 18:49:37 GUSTAVO-LINUX kernel: ACPI: TCPA 0x000000008BEFC000 000032 (v02 LENOVO CB-01    00000001 
jul 15 18:49:37 GUSTAVO-LINUX kernel: ACPI: UEFI 0x000000008BEFB000 000236 (v01 LENOVO CB-01    00000001 
jul 15 18:49:37 GUSTAVO-LINUX kernel: ACPI: UEFI 0x000000008BEFA000 000042 (v01 LENOVO CB-01    00000001 
jul 15 18:49:37 GUSTAVO-LINUX kernel: ACPI: SSDT 0x000000008BEF9000 0004B7 (v02 LENOVO CB-01    00000001 
jul 15 18:49:37 GUSTAVO-LINUX kernel: ACPI: SSDT 0x000000008BEF8000 00004B (v02 LENOVO CB-01    00000001 
jul 15 18:49:37 GUSTAVO-LINUX kernel: ACPI: TPM2 0x000000008BEF7000 000034 (v03 LENOVO CB-01    00000001 
jul 15 18:49:37 GUSTAVO-LINUX kernel: ACPI: MSDM 0x000000008BEF6000 000055 (v03 LENOVO CB-01    00000001 
jul 15 18:49:37 GUSTAVO-LINUX kernel: ACPI: SSDT 0x000000008BEF1000 004D33 (v02 LENOVO CB-01    00000001 
jul 15 18:49:37 GUSTAVO-LINUX kernel: ACPI: DBGP 0x000000008BEF0000 000034 (v01 LENOVO CB-01    00000001 
jul 15 18:49:37 GUSTAVO-LINUX kernel: ACPI: DBG2 0x000000008BEEF000 000054 (v00 LENOVO CB-01    00000001 
jul 15 18:49:37 GUSTAVO-LINUX kernel: ACPI: ASF! 0x000000008BEEE000 0000A5 (v32 LENOVO CB-01    00000001 
jul 15 18:49:37 GUSTAVO-LINUX kernel: ACPI: ASPT 0x000000008BEED000 000034 (v07 LENOVO CB-01    00000001 
jul 15 18:49:37 GUSTAVO-LINUX kernel: ACPI: BOOT 0x000000008BEEC000 000028 (v01 LENOVO CB-01    00000001 
jul 15 18:49:37 GUSTAVO-LINUX kernel: ACPI: DBGP 0x000000008BEEB000 000034 (v01 LENOVO CB-01    00000001 
jul 15 18:49:37 GUSTAVO-LINUX kernel: ACPI: HPET 0x000000008BEE9000 000038 (v01 LENOVO CB-01    00000001 
jul 15 18:49:37 GUSTAVO-LINUX kernel: ACPI: LPIT 0x000000008BEE8000 000094 (v01 LENOVO CB-01    00000001 
jul 15 18:49:37 GUSTAVO-LINUX kernel: ACPI: APIC 0x000000008BEE7000 0000BC (v03 LENOVO CB-01    00000001 
jul 15 18:49:37 GUSTAVO-LINUX kernel: ACPI: MCFG 0x000000008BEE6000 00003C (v01 LENOVO CB-01    00000001 
jul 15 18:49:37 GUSTAVO-LINUX kernel: ACPI: SSDT 0x000000008BED1000 00019A (v02 LENOVO CB-01    00000001 
jul 15 18:49:37 GUSTAVO-LINUX kernel: ACPI: SSDT 0x000000008BED0000 0001B1 (v02 LENOVO CB-01    00000001 
jul 15 18:49:37 GUSTAVO-LINUX kernel: ACPI: SSDT 0x000000008BECE000 0005F1 (v02 LENOVO CB-01    00000001 
jul 15 18:49:37 GUSTAVO-LINUX kernel: ACPI: SSDT 0x000000008BECD000 000E73 (v02 LENOVO CB-01    00000001 
jul 15 18:49:37 GUSTAVO-LINUX kernel: ACPI: DMAR 0x000000008BECC000 0000A8 (v01 LENOVO CB-01    00000001 
jul 15 18:49:37 GUSTAVO-LINUX kernel: ACPI: FPDT 0x000000008BECB000 000044 (v01 LENOVO CB-01    00000001 
jul 15 18:49:37 GUSTAVO-LINUX kernel: ACPI: BGRT 0x000000008BECA000 000038 (v01 LENOVO CB-01    00000001 
jul 15 18:49:37 GUSTAVO-LINUX kernel: ACPI: Local APIC address 0xfee00000
jul 15 18:49:37 GUSTAVO-LINUX kernel: No NUMA configuration found
jul 15 18:49:37 GUSTAVO-LINUX kernel: Faking a node at [mem 0x0000000000000000-0x000000016f7fffff]
jul 15 18:49:37 GUSTAVO-LINUX kernel: NODE_DATA(0) allocated [mem 0x16f7d5000-0x16f7fffff]
jul 15 18:49:37 GUSTAVO-LINUX kernel: Zone ranges:
jul 15 18:49:37 GUSTAVO-LINUX kernel:   DMA      [mem 0x0000000000001000-0x0000000000ffffff]
jul 15 18:49:37 GUSTAVO-LINUX kernel:   DMA32    [mem 0x0000000001000000-0x00000000ffffffff]
jul 15 18:49:37 GUSTAVO-LINUX kernel:   Normal   [mem 0x0000000100000000-0x000000016f7fffff]
jul 15 18:49:37 GUSTAVO-LINUX kernel:   Device   empty
jul 15 18:49:37 GUSTAVO-LINUX kernel: Movable zone start for each node
jul 15 18:49:37 GUSTAVO-LINUX kernel: Early memory node ranges
jul 15 18:49:37 GUSTAVO-LINUX kernel:   node   0: [mem 0x0000000000001000-0x0000000000057fff]
jul 15 18:49:37 GUSTAVO-LINUX kernel:   node   0: [mem 0x0000000000059000-0x0000000000085fff]
jul 15 18:49:37 GUSTAVO-LINUX kernel:   node   0: [mem 0x0000000000100000-0x0000000072778fff]
jul 15 18:49:37 GUSTAVO-LINUX kernel:   node   0: [mem 0x00000000727a4000-0x0000000072852fff]
jul 15 18:49:37 GUSTAVO-LINUX kernel:   node   0: [mem 0x0000000073253000-0x0000000089467fff]
jul 15 18:49:37 GUSTAVO-LINUX kernel:   node   0: [mem 0x000000008befe000-0x000000008befefff]
jul 15 18:49:37 GUSTAVO-LINUX kernel:   node   0: [mem 0x0000000100000000-0x000000016f7fffff]
jul 15 18:49:37 GUSTAVO-LINUX kernel: Initmem setup node 0 [mem 0x0000000000001000-0x000000016f7fffff]
jul 15 18:49:37 GUSTAVO-LINUX kernel: On node 0 totalpages: 1016258
jul 15 18:49:37 GUSTAVO-LINUX kernel:   DMA zone: 64 pages used for memmap
jul 15 18:49:37 GUSTAVO-LINUX kernel:   DMA zone: 22 pages reserved
jul 15 18:49:37 GUSTAVO-LINUX kernel:   DMA zone: 3972 pages, LIFO batch:0
jul 15 18:49:37 GUSTAVO-LINUX kernel:   DMA32 zone: 8681 pages used for memmap
jul 15 18:49:37 GUSTAVO-LINUX kernel:   DMA32 zone: 555582 pages, LIFO batch:31
jul 15 18:49:37 GUSTAVO-LINUX kernel:   Normal zone: 7136 pages used for memmap
jul 15 18:49:37 GUSTAVO-LINUX kernel:   Normal zone: 456704 pages, LIFO batch:31
jul 15 18:49:37 GUSTAVO-LINUX kernel: Reserved but unavailable: 99 pages
jul 15 18:49:37 GUSTAVO-LINUX kernel: Reserving Intel graphics memory at 0x000000008d800000-0x000000008f7
jul 15 18:49:37 GUSTAVO-LINUX kernel: ACPI: PM-Timer IO Port: 0x1808
jul 15 18:49:37 GUSTAVO-LINUX kernel: ACPI: Local APIC address 0xfee00000
jul 15 18:49:37 GUSTAVO-LINUX kernel: ACPI: LAPIC_NMI (acpi_id[0x01] high edge lint[0x1])
jul 15 18:49:37 GUSTAVO-LINUX kernel: ACPI: LAPIC_NMI (acpi_id[0x02] high edge lint[0x1])
jul 15 18:49:37 GUSTAVO-LINUX kernel: ACPI: LAPIC_NMI (acpi_id[0x03] high edge lint[0x1])
jul 15 18:49:37 GUSTAVO-LINUX kernel: ACPI: LAPIC_NMI (acpi_id[0x04] high edge lint[0x1])
jul 15 18:49:37 GUSTAVO-LINUX kernel: ACPI: LAPIC_NMI (acpi_id[0x05] high edge lint[0x1])
jul 15 18:49:37 GUSTAVO-LINUX kernel: ACPI: LAPIC_NMI (acpi_id[0x06] high edge lint[0x1])
jul 15 18:49:37 GUSTAVO-LINUX kernel: ACPI: LAPIC_NMI (acpi_id[0x07] high edge lint[0x1])
jul 15 18:49:37 GUSTAVO-LINUX kernel: ACPI: LAPIC_NMI (acpi_id[0x08] high edge lint[0x1])
jul 15 18:49:37 GUSTAVO-LINUX kernel: IOAPIC[0]: apic_id 2, version 32, address 0xfec00000, GSI 0-119
jul 15 18:49:37 GUSTAVO-LINUX kernel: ACPI: INT_SRC_OVR (bus 0 bus_irq 0 global_irq 2 dfl dfl)
jul 15 18:49:37 GUSTAVO-LINUX kernel: ACPI: INT_SRC_OVR (bus 0 bus_irq 9 global_irq 9 high level)
jul 15 18:49:37 GUSTAVO-LINUX kernel: ACPI: IRQ0 used by override.
jul 15 18:49:37 GUSTAVO-LINUX kernel: ACPI: IRQ9 used by override.
jul 15 18:49:37 GUSTAVO-LINUX kernel: Using ACPI (MADT) for SMP configuration information
jul 15 18:49:37 GUSTAVO-LINUX kernel: ACPI: HPET id: 0x8086a201 base: 0xfed00000
jul 15 18:49:37 GUSTAVO-LINUX kernel: smpboot: Allowing 4 CPUs, 0 hotplug CPUs
jul 15 18:49:37 GUSTAVO-LINUX kernel: PM: Registered nosave memory: [mem 0x00000000-0x00000fff]
jul 15 18:49:37 GUSTAVO-LINUX kernel: PM: Registered nosave memory: [mem 0x00058000-0x00058fff]
jul 15 18:49:37 GUSTAVO-LINUX kernel: PM: Registered nosave memory: [mem 0x00086000-0x000fffff]
jul 15 18:49:37 GUSTAVO-LINUX kernel: PM: Registered nosave memory: [mem 0x72779000-0x72779fff]
jul 15 18:49:37 GUSTAVO-LINUX kernel: PM: Registered nosave memory: [mem 0x7277a000-0x727a3fff]
jul 15 18:49:37 GUSTAVO-LINUX kernel: PM: Registered nosave memory: [mem 0x72853000-0x73252fff]
jul 15 18:49:37 GUSTAVO-LINUX kernel: PM: Registered nosave memory: [mem 0x89468000-0x89667fff]
jul 15 18:49:37 GUSTAVO-LINUX kernel: PM: Registered nosave memory: [mem 0x89668000-0x89e57fff]
jul 15 18:49:37 GUSTAVO-LINUX kernel: PM: Registered nosave memory: [mem 0x89e58000-0x8be57fff]
jul 15 18:49:37 GUSTAVO-LINUX kernel: PM: Registered nosave memory: [mem 0x8be58000-0x8befdfff]
jul 15 18:49:37 GUSTAVO-LINUX kernel: PM: Registered nosave memory: [mem 0x8beff000-0x8f7fffff]
jul 15 18:49:37 GUSTAVO-LINUX kernel: PM: Registered nosave memory: [mem 0x8f800000-0xdfffffff]
jul 15 18:49:37 GUSTAVO-LINUX kernel: PM: Registered nosave memory: [mem 0xe0000000-0xefffffff]
jul 15 18:49:37 GUSTAVO-LINUX kernel: PM: Registered nosave memory: [mem 0xf0000000-0xfcffffff]
jul 15 18:49:37 GUSTAVO-LINUX kernel: PM: Registered nosave memory: [mem 0xfd000000-0xfe7fffff]
jul 15 18:49:37 GUSTAVO-LINUX kernel: PM: Registered nosave memory: [mem 0xfe800000-0xfeafffff]
jul 15 18:49:37 GUSTAVO-LINUX kernel: PM: Registered nosave memory: [mem 0xfeb00000-0xfeb03fff]
jul 15 18:49:37 GUSTAVO-LINUX kernel: PM: Registered nosave memory: [mem 0xfeb04000-0xfebfffff]
jul 15 18:49:37 GUSTAVO-LINUX kernel: PM: Registered nosave memory: [mem 0xfec00000-0xfec00fff]
jul 15 18:49:37 GUSTAVO-LINUX kernel: PM: Registered nosave memory: [mem 0xfec01000-0xfecfffff]
jul 15 18:49:37 GUSTAVO-LINUX kernel: PM: Registered nosave memory: [mem 0xfed00000-0xfed00fff]
jul 15 18:49:37 GUSTAVO-LINUX kernel: PM: Registered nosave memory: [mem 0xfed01000-0xfed0ffff]
jul 15 18:49:37 GUSTAVO-LINUX kernel: PM: Registered nosave memory: [mem 0xfed10000-0xfed19fff]
jul 15 18:49:37 GUSTAVO-LINUX kernel: PM: Registered nosave memory: [mem 0xfed1a000-0xfed83fff]
jul 15 18:49:37 GUSTAVO-LINUX kernel: PM: Registered nosave memory: [mem 0xfed84000-0xfed84fff]
jul 15 18:49:37 GUSTAVO-LINUX kernel: PM: Registered nosave memory: [mem 0xfed85000-0xfedfffff]
jul 15 18:49:37 GUSTAVO-LINUX kernel: PM: Registered nosave memory: [mem 0xfee00000-0xfee00fff]
jul 15 18:49:37 GUSTAVO-LINUX kernel: PM: Registered nosave memory: [mem 0xfee01000-0xff9fffff]
jul 15 18:49:37 GUSTAVO-LINUX kernel: PM: Registered nosave memory: [mem 0xffa00000-0xffffffff]
jul 15 18:49:37 GUSTAVO-LINUX kernel: e820: [mem 0x8f800000-0xdfffffff] available for PCI devices
jul 15 18:49:37 GUSTAVO-LINUX kernel: Booting paravirtualized kernel on bare hardware
jul 15 18:49:37 GUSTAVO-LINUX kernel: clocksource: refined-jiffies: mask: 0xffffffff max_cycles: 0xffffff
jul 15 18:49:37 GUSTAVO-LINUX kernel: setup_percpu: NR_CPUS:8192 nr_cpumask_bits:4 nr_cpu_ids:4 nr_node_i
jul 15 18:49:37 GUSTAVO-LINUX kernel: percpu: Embedded 46 pages/cpu @        (ptrval) s151552 r8192 d2867
jul 15 18:49:37 GUSTAVO-LINUX kernel: pcpu-alloc: s151552 r8192 d28672 u524288 alloc=1*2097152
jul 15 18:49:37 GUSTAVO-LINUX kernel: pcpu-alloc: [0] 0 1 2 3 
jul 15 18:49:37 GUSTAVO-LINUX kernel: Built 1 zonelists, mobility grouping on.  Total pages: 1000355
jul 15 18:49:37 GUSTAVO-LINUX kernel: Policy zone: Normal
jul 15 18:49:37 GUSTAVO-LINUX kernel: Kernel command line: BOOT_IMAGE=/boot/vmlinuz-4.15.0-21deepin-gener
jul 15 18:49:37 GUSTAVO-LINUX kernel: Calgary: detecting Calgary via BIOS EBDA area
jul 15 18:49:37 GUSTAVO-LINUX kernel: Calgary: Unable to locate Rio Grande table in EBDA - bailing!
jul 15 18:49:37 GUSTAVO-LINUX kernel: Memory: 3793396K/4065032K available (12300K kernel code, 2470K rwda
jul 15 18:49:37 GUSTAVO-LINUX kernel: SLUB: HWalign=64, Order=0-3, MinObjects=0, CPUs=4, Nodes=1
jul 15 18:49:37 GUSTAVO-LINUX kernel: Kernel/User page tables isolation: enabled
jul 15 18:49:37 GUSTAVO-LINUX kernel: ftrace: allocating 39065 entries in 153 pages
jul 15 18:49:37 GUSTAVO-LINUX kernel: Hierarchical RCU implementation.
jul 15 18:49:37 GUSTAVO-LINUX kernel:         RCU restricting CPUs from NR_CPUS=8192 to nr_cpu_ids=4.
jul 15 18:49:37 GUSTAVO-LINUX kernel:         Tasks RCU enabled.
jul 15 18:49:37 GUSTAVO-LINUX kernel: RCU: Adjusting geometry for rcu_fanout_leaf=16, nr_cpu_ids=4
jul 15 18:49:37 GUSTAVO-LINUX kernel: NR_IRQS: 524544, nr_irqs: 1024, preallocated irqs: 16
jul 15 18:49:37 GUSTAVO-LINUX kernel: Console: colour dummy device 80x25
jul 15 18:49:37 GUSTAVO-LINUX kernel: console [tty0] enabled
jul 15 18:49:37 GUSTAVO-LINUX kernel: ACPI: Core revision 20170831
jul 15 18:49:37 GUSTAVO-LINUX kernel: ACPI: 8 ACPI AML tables successfully acquired and loaded
jul 15 18:49:37 GUSTAVO-LINUX kernel: clocksource: hpet: mask: 0xffffffff max_cycles: 0xffffffff, max_idl
jul 15 18:49:37 GUSTAVO-LINUX kernel: hpet clockevent registered
jul 15 18:49:37 GUSTAVO-LINUX kernel: APIC: Switch to symmetric I/O mode setup
jul 15 18:49:37 GUSTAVO-LINUX kernel: DMAR: Host address width 39
jul 15 18:49:37 GUSTAVO-LINUX kernel: DMAR: DRHD base: 0x000000fed90000 flags: 0x0
jul 15 18:49:37 GUSTAVO-LINUX kernel: DMAR: dmar0: reg_base_addr fed90000 ver 1:0 cap 1c0000c40660462 eca
jul 15 18:49:37 GUSTAVO-LINUX kernel: DMAR: DRHD base: 0x000000fed91000 flags: 0x1
jul 15 18:49:37 GUSTAVO-LINUX kernel: DMAR: dmar1: reg_base_addr fed91000 ver 1:0 cap d2008c40660462 ecap
jul 15 18:49:37 GUSTAVO-LINUX kernel: DMAR: RMRR base: 0x00000089d54000 end: 0x00000089d73fff
jul 15 18:49:37 GUSTAVO-LINUX kernel: DMAR: RMRR base: 0x0000008d000000 end: 0x0000008f7fffff
jul 15 18:49:37 GUSTAVO-LINUX kernel: DMAR-IR: IOAPIC id 2 under DRHD base  0xfed91000 IOMMU 1
jul 15 18:49:37 GUSTAVO-LINUX kernel: DMAR-IR: HPET id 0 under DRHD base 0xfed91000
jul 15 18:49:37 GUSTAVO-LINUX kernel: DMAR-IR: x2apic is disabled because BIOS sets x2apic opt out bit.
jul 15 18:49:37 GUSTAVO-LINUX kernel: DMAR-IR: Use 'intremap=no_x2apic_optout' to override the BIOS setti
jul 15 18:49:37 GUSTAVO-LINUX kernel: DMAR-IR: Enabled IRQ remapping in xapic mode
jul 15 18:49:37 GUSTAVO-LINUX kernel: x2apic: IRQ remapping doesn't support X2APIC mode
jul 15 18:49:37 GUSTAVO-LINUX kernel: ..TIMER: vector=0x30 apic1=0 pin1=2 apic2=-1 pin2=-1
jul 15 18:49:37 GUSTAVO-LINUX kernel: tsc: Detected 2300.000 MHz processor
jul 15 18:49:37 GUSTAVO-LINUX kernel: tsc: Detected 2304.000 MHz TSC
jul 15 18:49:37 GUSTAVO-LINUX kernel: Calibrating delay loop (skipped), value calculated using timer freq
jul 15 18:49:37 GUSTAVO-LINUX kernel: pid_max: default: 32768 minimum: 301
jul 15 18:49:37 GUSTAVO-LINUX kernel: Security Framework initialized
jul 15 18:49:37 GUSTAVO-LINUX kernel: Yama: becoming mindful.
jul 15 18:49:37 GUSTAVO-LINUX kernel: AppArmor: AppArmor initialized
jul 15 18:49:37 GUSTAVO-LINUX kernel: Dentry cache hash table entries: 524288 (order: 10, 4194304 bytes)
jul 15 18:49:37 GUSTAVO-LINUX kernel: Inode-cache hash table entries: 262144 (order: 9, 2097152 bytes)
jul 15 18:49:37 GUSTAVO-LINUX kernel: Mount-cache hash table entries: 8192 (order: 4, 65536 bytes)
jul 15 18:49:37 GUSTAVO-LINUX kernel: Mountpoint-cache hash table entries: 8192 (order: 4, 65536 bytes)
jul 15 18:49:37 GUSTAVO-LINUX kernel: CPU: Physical Processor ID: 0
jul 15 18:49:37 GUSTAVO-LINUX kernel: CPU: Processor Core ID: 0
jul 15 18:49:37 GUSTAVO-LINUX kernel: ENERGY_PERF_BIAS: Set to 'normal', was 'performance'
jul 15 18:49:37 GUSTAVO-LINUX kernel: ENERGY_PERF_BIAS: View and update with x86_energy_perf_policy(8)
jul 15 18:49:37 GUSTAVO-LINUX kernel: mce: CPU supports 8 MCE banks
jul 15 18:49:37 GUSTAVO-LINUX kernel: CPU0: Thermal monitoring enabled (TM1)
jul 15 18:49:37 GUSTAVO-LINUX kernel: process: using mwait in idle threads
jul 15 18:49:37 GUSTAVO-LINUX kernel: Last level iTLB entries: 4KB 64, 2MB 8, 4MB 8
jul 15 18:49:37 GUSTAVO-LINUX kernel: Last level dTLB entries: 4KB 64, 2MB 0, 4MB 0, 1GB 4
jul 15 18:49:37 GUSTAVO-LINUX kernel: Spectre V2 : Mitigation: Full generic retpoline
jul 15 18:49:37 GUSTAVO-LINUX kernel: Spectre V2 : Spectre v2 mitigation: Filling RSB on context switch
jul 15 18:49:37 GUSTAVO-LINUX kernel: Freeing SMP alternatives memory: 36K
jul 15 18:49:37 GUSTAVO-LINUX kernel: TSC deadline timer enabled
jul 15 18:49:37 GUSTAVO-LINUX kernel: smpboot: CPU0: Intel(R) Core(TM) i3-6100U CPU @ 2.30GHz (family: 0x
jul 15 18:49:37 GUSTAVO-LINUX kernel: Performance Events: PEBS fmt3+, Skylake events, 32-deep LBR, full-w
jul 15 18:49:37 GUSTAVO-LINUX kernel: ... version:                4
jul 15 18:49:37 GUSTAVO-LINUX kernel: ... bit width:              48
jul 15 18:49:37 GUSTAVO-LINUX kernel: ... generic registers:      4
jul 15 18:49:37 GUSTAVO-LINUX kernel: ... value mask:             0000ffffffffffff
jul 15 18:49:37 GUSTAVO-LINUX kernel: ... max period:             00007fffffffffff
jul 15 18:49:37 GUSTAVO-LINUX kernel: ... fixed-purpose events:   3
jul 15 18:49:37 GUSTAVO-LINUX kernel: ... event mask:             000000070000000f
jul 15 18:49:37 GUSTAVO-LINUX kernel: Hierarchical SRCU implementation.
jul 15 18:49:37 GUSTAVO-LINUX kernel: NMI watchdog: Enabled. Permanently consumes one hw-PMU counter.
jul 15 18:49:37 GUSTAVO-LINUX kernel: smp: Bringing up secondary CPUs ...
jul 15 18:49:37 GUSTAVO-LINUX kernel: x86: Booting SMP configuration:
jul 15 18:49:37 GUSTAVO-LINUX kernel: .... node  #0, CPUs:      #1 #2 #3
jul 15 18:49:37 GUSTAVO-LINUX kernel: smp: Brought up 1 node, 4 CPUs
jul 15 18:49:37 GUSTAVO-LINUX kernel: smpboot: Max logical packages: 1
jul 15 18:49:37 GUSTAVO-LINUX kernel: smpboot: Total of 4 processors activated (18432.00 BogoMIPS)
jul 15 18:49:37 GUSTAVO-LINUX kernel: devtmpfs: initialized
jul 15 18:49:37 GUSTAVO-LINUX kernel: x86/mm: Memory block size: 128MB
jul 15 18:49:37 GUSTAVO-LINUX kernel: evm: security.selinux
jul 15 18:49:37 GUSTAVO-LINUX kernel: evm: security.SMACK64
jul 15 18:49:37 GUSTAVO-LINUX kernel: evm: security.SMACK64EXEC
jul 15 18:49:37 GUSTAVO-LINUX kernel: evm: security.SMACK64TRANSMUTE
jul 15 18:49:37 GUSTAVO-LINUX kernel: evm: security.SMACK64MMAP
jul 15 18:49:37 GUSTAVO-LINUX kernel: evm: security.apparmor
jul 15 18:49:37 GUSTAVO-LINUX kernel: evm: security.ima
jul 15 18:49:37 GUSTAVO-LINUX kernel: evm: security.capability
jul 15 18:49:37 GUSTAVO-LINUX kernel: PM: Registering ACPI NVS region [mem 0x72779000-0x72779fff] (4096 b
jul 15 18:49:37 GUSTAVO-LINUX kernel: PM: Registering ACPI NVS region [mem 0x89e58000-0x8be57fff] (335544
jul 15 18:49:37 GUSTAVO-LINUX kernel: clocksource: jiffies: mask: 0xffffffff max_cycles: 0xffffffff, max_
jul 15 18:49:37 GUSTAVO-LINUX kernel: futex hash table entries: 1024 (order: 4, 65536 bytes)
jul 15 18:49:37 GUSTAVO-LINUX kernel: pinctrl core: initialized pinctrl subsystem
jul 15 18:49:37 GUSTAVO-LINUX kernel: RTC time: 22:49:29, date: 07/15/18
jul 15 18:49:37 GUSTAVO-LINUX kernel: NET: Registered protocol family 16
jul 15 18:49:37 GUSTAVO-LINUX kernel: audit: initializing netlink subsys (disabled)
jul 15 18:49:37 GUSTAVO-LINUX kernel: audit: type=2000 audit(1531694969.036:1): state=initialized audit_e
jul 15 18:49:37 GUSTAVO-LINUX kernel: cpuidle: using governor ladder
jul 15 18:49:37 GUSTAVO-LINUX kernel: cpuidle: using governor menu
jul 15 18:49:37 GUSTAVO-LINUX kernel: Simple Boot Flag at 0x44 set to 0x1
jul 15 18:49:37 GUSTAVO-LINUX kernel: ACPI FADT declares the system doesn't support PCIe ASPM, so disable
jul 15 18:49:37 GUSTAVO-LINUX kernel: ACPI: bus type PCI registered
jul 15 18:49:37 GUSTAVO-LINUX kernel: acpiphp: ACPI Hot Plug PCI Controller Driver version: 0.5
jul 15 18:49:37 GUSTAVO-LINUX kernel: PCI: MMCONFIG for domain 0000 [bus 00-ff] at [mem 0xe0000000-0xefff
jul 15 18:49:37 GUSTAVO-LINUX kernel: PCI: MMCONFIG at [mem 0xe0000000-0xefffffff] reserved in E820
jul 15 18:49:37 GUSTAVO-LINUX kernel: pmd_set_huge: Cannot satisfy [mem 0xe0000000-0xe0200000] with a hug
jul 15 18:49:37 GUSTAVO-LINUX kernel: PCI: Using configuration type 1 for base access
jul 15 18:49:37 GUSTAVO-LINUX kernel: HugeTLB registered 1.00 GiB page size, pre-allocated 0 pages
jul 15 18:49:37 GUSTAVO-LINUX kernel: HugeTLB registered 2.00 MiB page size, pre-allocated 0 pages
jul 15 18:49:37 GUSTAVO-LINUX kernel: ACPI: Added _OSI(Module Device)
jul 15 18:49:37 GUSTAVO-LINUX kernel: ACPI: Added _OSI(Processor Device)
jul 15 18:49:37 GUSTAVO-LINUX kernel: ACPI: Added _OSI(3.0 _SCP Extensions)
jul 15 18:49:37 GUSTAVO-LINUX kernel: ACPI: Added _OSI(Processor Aggregator Device)
jul 15 18:49:37 GUSTAVO-LINUX kernel: ACPI: Executed 5 blocks of module-level executable AML code
jul 15 18:49:37 GUSTAVO-LINUX kernel: ACPI: [Firmware Bug]: BIOS _OSI(Linux) query ignored
jul 15 18:49:37 GUSTAVO-LINUX kernel: ACPI: Dynamic OEM Table Load:
jul 15 18:49:37 GUSTAVO-LINUX kernel: ACPI: SSDT 0xFFFF932A298EE800 0005F1 (v02 PmRef  Cpu0Ist  00003000 
jul 15 18:49:37 GUSTAVO-LINUX kernel: ACPI Error: [_PPC] Namespace lookup failure, AE_ALREADY_EXISTS (201
jul 15 18:49:37 GUSTAVO-LINUX kernel: ACPI Exception: AE_ALREADY_EXISTS, During name lookup/catalog (2017
jul 15 18:49:37 GUSTAVO-LINUX kernel: ACPI: \_PR_.CPU0: _OSC native thermal LVT Acked
jul 15 18:49:37 GUSTAVO-LINUX kernel: ACPI: Dynamic OEM Table Load:
jul 15 18:49:37 GUSTAVO-LINUX kernel: ACPI: SSDT 0xFFFF932A29A8F400 00037F (v02 PmRef  Cpu0Cst  00003001 
jul 15 18:49:37 GUSTAVO-LINUX kernel: ACPI: Dynamic OEM Table Load:
jul 15 18:49:37 GUSTAVO-LINUX kernel: ACPI: SSDT 0xFFFF932A298EA000 0005AA (v02 PmRef  ApIst    00003000 
jul 15 18:49:37 GUSTAVO-LINUX kernel: ACPI: Dynamic OEM Table Load:
jul 15 18:49:37 GUSTAVO-LINUX kernel: ACPI: SSDT 0xFFFF932A29AB2800 000119 (v02 PmRef  ApCst    00003000 
jul 15 18:49:37 GUSTAVO-LINUX kernel: ACPI: EC: EC started
jul 15 18:49:37 GUSTAVO-LINUX kernel: ACPI: EC: interrupt blocked
jul 15 18:49:37 GUSTAVO-LINUX kernel: ACPI: \_SB_.PCI0.LPCB.EC0_: Used as first EC
jul 15 18:49:37 GUSTAVO-LINUX kernel: ACPI: \_SB_.PCI0.LPCB.EC0_: GPE=0x50, EC_CMD/EC_SC=0x66, EC_DATA=0x
jul 15 18:49:37 GUSTAVO-LINUX kernel: ACPI: \_SB_.PCI0.LPCB.EC0_: Used as boot DSDT EC to handle transact
jul 15 18:49:37 GUSTAVO-LINUX kernel: ACPI: Interpreter enabled
jul 15 18:49:37 GUSTAVO-LINUX kernel: ACPI: (supports S0 S3 S4 S5)
jul 15 18:49:37 GUSTAVO-LINUX kernel: ACPI: Using IOAPIC for interrupt routing
jul 15 18:49:37 GUSTAVO-LINUX kernel: PCI: Using host bridge windows from ACPI; if necessary, use "pci=no
jul 15 18:49:37 GUSTAVO-LINUX kernel: ACPI: Enabled 7 GPEs in block 00 to 7F
jul 15 18:49:37 GUSTAVO-LINUX kernel: ACPI: PCI Root Bridge [PCI0] (domain 0000 [bus 00-fe])
jul 15 18:49:37 GUSTAVO-LINUX kernel: acpi PNP0A08:00: _OSC: OS supports [ExtendedConfig ASPM ClockPM Seg
jul 15 18:49:37 GUSTAVO-LINUX kernel: acpi PNP0A08:00: _OSC failed (AE_ERROR); disabling ASPM
jul 15 18:49:37 GUSTAVO-LINUX kernel: PCI host bridge to bus 0000:00
jul 15 18:49:37 GUSTAVO-LINUX kernel: pci_bus 0000:00: root bus resource [io  0x0000-0x0cf7 window]
jul 15 18:49:37 GUSTAVO-LINUX kernel: pci_bus 0000:00: root bus resource [io  0x0d00-0xffff window]
jul 15 18:49:37 GUSTAVO-LINUX kernel: pci_bus 0000:00: root bus resource [mem 0x000a0000-0x000bffff windo
jul 15 18:49:37 GUSTAVO-LINUX kernel: pci_bus 0000:00: root bus resource [mem 0x000c0000-0x000c3fff windo
jul 15 18:49:37 GUSTAVO-LINUX kernel: pci_bus 0000:00: root bus resource [mem 0x000c4000-0x000c7fff windo
jul 15 18:49:37 GUSTAVO-LINUX kernel: pci_bus 0000:00: root bus resource [mem 0x000c8000-0x000cbfff windo
jul 15 18:49:37 GUSTAVO-LINUX kernel: pci_bus 0000:00: root bus resource [mem 0x000cc000-0x000cffff windo
jul 15 18:49:37 GUSTAVO-LINUX kernel: pci_bus 0000:00: root bus resource [mem 0x000d0000-0x000d3fff windo
jul 15 18:49:37 GUSTAVO-LINUX kernel: pci_bus 0000:00: root bus resource [mem 0x000d4000-0x000d7fff windo
jul 15 18:49:37 GUSTAVO-LINUX kernel: pci_bus 0000:00: root bus resource [mem 0x000d8000-0x000dbfff windo
jul 15 18:49:37 GUSTAVO-LINUX kernel: pci_bus 0000:00: root bus resource [mem 0x000dc000-0x000dffff windo
jul 15 18:49:37 GUSTAVO-LINUX kernel: pci_bus 0000:00: root bus resource [mem 0x8f800000-0xdfffffff windo
jul 15 18:49:37 GUSTAVO-LINUX kernel: pci_bus 0000:00: root bus resource [mem 0xfd000000-0xfe7fffff windo
jul 15 18:49:37 GUSTAVO-LINUX kernel: pci_bus 0000:00: root bus resource [bus 00-fe]
jul 15 18:49:37 GUSTAVO-LINUX kernel: pci 0000:00:00.0: [8086:1904] type 00 class 0x060000
jul 15 18:49:37 GUSTAVO-LINUX kernel: pci 0000:00:02.0: [8086:1916] type 00 class 0x030000
jul 15 18:49:37 GUSTAVO-LINUX kernel: pci 0000:00:02.0: reg 0x10: [mem 0xa1000000-0xa1ffffff 64bit]
jul 15 18:49:37 GUSTAVO-LINUX kernel: pci 0000:00:02.0: reg 0x18: [mem 0x90000000-0x9fffffff 64bit pref]
jul 15 18:49:37 GUSTAVO-LINUX kernel: pci 0000:00:02.0: reg 0x20: [io  0x5000-0x503f]
jul 15 18:49:37 GUSTAVO-LINUX kernel: pci 0000:00:02.0: BAR 2: assigned to efifb
jul 15 18:49:37 GUSTAVO-LINUX kernel: pci 0000:00:14.0: [8086:9d2f] type 00 class 0x0c0330
jul 15 18:49:37 GUSTAVO-LINUX kernel: pci 0000:00:14.0: reg 0x10: [mem 0xa3400000-0xa340ffff 64bit]
jul 15 18:49:37 GUSTAVO-LINUX kernel: pci 0000:00:14.0: PME# supported from D3hot D3cold
jul 15 18:49:37 GUSTAVO-LINUX kernel: pci 0000:00:14.2: [8086:9d31] type 00 class 0x118000
jul 15 18:49:37 GUSTAVO-LINUX kernel: pci 0000:00:14.2: reg 0x10: [mem 0xa342a000-0xa342afff 64bit]
jul 15 18:49:37 GUSTAVO-LINUX kernel: pci 0000:00:16.0: [8086:9d3a] type 00 class 0x078000
jul 15 18:49:37 GUSTAVO-LINUX kernel: pci 0000:00:16.0: reg 0x10: [mem 0xa342b000-0xa342bfff 64bit]
jul 15 18:49:37 GUSTAVO-LINUX kernel: pci 0000:00:16.0: PME# supported from D3hot
jul 15 18:49:37 GUSTAVO-LINUX kernel: pci 0000:00:17.0: [8086:9d03] type 00 class 0x010601
jul 15 18:49:37 GUSTAVO-LINUX kernel: pci 0000:00:17.0: reg 0x10: [mem 0xa3428000-0xa3429fff]
jul 15 18:49:37 GUSTAVO-LINUX kernel: pci 0000:00:17.0: reg 0x14: [mem 0xa342e000-0xa342e0ff]
jul 15 18:49:37 GUSTAVO-LINUX kernel: pci 0000:00:17.0: reg 0x18: [io  0x5080-0x5087]
jul 15 18:49:37 GUSTAVO-LINUX kernel: pci 0000:00:17.0: reg 0x1c: [io  0x5088-0x508b]
jul 15 18:49:37 GUSTAVO-LINUX kernel: pci 0000:00:17.0: reg 0x20: [io  0x5060-0x507f]
jul 15 18:49:37 GUSTAVO-LINUX kernel: pci 0000:00:17.0: reg 0x24: [mem 0xa342c000-0xa342c7ff]
jul 15 18:49:37 GUSTAVO-LINUX kernel: pci 0000:00:17.0: PME# supported from D3hot
jul 15 18:49:37 GUSTAVO-LINUX kernel: pci 0000:00:1c.0: [8086:9d14] type 01 class 0x060400
jul 15 18:49:37 GUSTAVO-LINUX kernel: pci 0000:00:1c.0: PME# supported from D0 D3hot D3cold
jul 15 18:49:37 GUSTAVO-LINUX kernel: pci 0000:00:1c.5: [8086:9d15] type 01 class 0x060400
jul 15 18:49:37 GUSTAVO-LINUX kernel: pci 0000:00:1c.5: PME# supported from D0 D3hot D3cold
jul 15 18:49:37 GUSTAVO-LINUX kernel: pci 0000:00:1d.0: [8086:9d18] type 01 class 0x060400
jul 15 18:49:37 GUSTAVO-LINUX kernel: pci 0000:00:1d.0: PME# supported from D0 D3hot D3cold
jul 15 18:49:37 GUSTAVO-LINUX kernel: pci 0000:00:1f.0: [8086:9d48] type 00 class 0x060100
jul 15 18:49:37 GUSTAVO-LINUX kernel: pci 0000:00:1f.2: [8086:9d21] type 00 class 0x058000
jul 15 18:49:37 GUSTAVO-LINUX kernel: pci 0000:00:1f.2: reg 0x10: [mem 0xa3424000-0xa3427fff]
jul 15 18:49:37 GUSTAVO-LINUX kernel: pci 0000:00:1f.3: [8086:9d70] type 00 class 0x040300
jul 15 18:49:37 GUSTAVO-LINUX kernel: pci 0000:00:1f.3: reg 0x10: [mem 0xa3420000-0xa3423fff 64bit]
jul 15 18:49:37 GUSTAVO-LINUX kernel: pci 0000:00:1f.3: reg 0x20: [mem 0xa3410000-0xa341ffff 64bit]
jul 15 18:49:37 GUSTAVO-LINUX kernel: pci 0000:00:1f.3: PME# supported from D3hot D3cold
jul 15 18:49:37 GUSTAVO-LINUX kernel: pci 0000:00:1f.4: [8086:9d23] type 00 class 0x0c0500
jul 15 18:49:37 GUSTAVO-LINUX kernel: pci 0000:00:1f.4: reg 0x10: [mem 0xa342d000-0xa342d0ff 64bit]
jul 15 18:49:37 GUSTAVO-LINUX kernel: pci 0000:00:1f.4: reg 0x20: [io  0x5040-0x505f]
jul 15 18:49:37 GUSTAVO-LINUX kernel: pci 0000:01:00.0: [10ec:8136] type 00 class 0x020000
jul 15 18:49:37 GUSTAVO-LINUX kernel: pci 0000:01:00.0: reg 0x10: [io  0x4000-0x40ff]
jul 15 18:49:37 GUSTAVO-LINUX kernel: pci 0000:01:00.0: reg 0x18: [mem 0xa3300000-0xa3300fff 64bit]
jul 15 18:49:37 GUSTAVO-LINUX kernel: pci 0000:01:00.0: reg 0x20: [mem 0xa3200000-0xa3203fff 64bit pref]
jul 15 18:49:37 GUSTAVO-LINUX kernel: pci 0000:01:00.0: supports D1 D2
jul 15 18:49:37 GUSTAVO-LINUX kernel: pci 0000:01:00.0: PME# supported from D0 D1 D2 D3hot D3cold
jul 15 18:49:37 GUSTAVO-LINUX kernel: pci 0000:00:1c.0: PCI bridge to [bus 01]
jul 15 18:49:37 GUSTAVO-LINUX kernel: pci 0000:00:1c.0:   bridge window [io  0x4000-0x4fff]
jul 15 18:49:37 GUSTAVO-LINUX kernel: pci 0000:00:1c.0:   bridge window [mem 0xa3300000-0xa33fffff]
jul 15 18:49:37 GUSTAVO-LINUX kernel: pci 0000:00:1c.0:   bridge window [mem 0xa3200000-0xa32fffff 64bit 
jul 15 18:49:37 GUSTAVO-LINUX kernel: pci 0000:02:00.0: [168c:0042] type 00 class 0x028000
jul 15 18:49:37 GUSTAVO-LINUX kernel: pci 0000:02:00.0: reg 0x10: [mem 0xa3000000-0xa31fffff 64bit]
jul 15 18:49:37 GUSTAVO-LINUX kernel: pci 0000:02:00.0: PME# supported from D0 D3hot D3cold
jul 15 18:49:37 GUSTAVO-LINUX kernel: pci 0000:00:1c.5: PCI bridge to [bus 02]
jul 15 18:49:37 GUSTAVO-LINUX kernel: pci 0000:00:1c.5:   bridge window [mem 0xa3000000-0xa31fffff]
jul 15 18:49:37 GUSTAVO-LINUX kernel: pci 0000:00:1d.0: PCI bridge to [bus 03-08]
jul 15 18:49:37 GUSTAVO-LINUX kernel: pci 0000:00:1d.0:   bridge window [io  0x3000-0x3fff]
jul 15 18:49:37 GUSTAVO-LINUX kernel: pci 0000:00:1d.0:   bridge window [mem 0xa2000000-0xa2ffffff]
jul 15 18:49:37 GUSTAVO-LINUX kernel: pci 0000:00:1d.0:   bridge window [mem 0xa0000000-0xa0ffffff 64bit 
jul 15 18:49:37 GUSTAVO-LINUX kernel: ACPI: PCI Interrupt Link [LNKA] (IRQs 3 4 5 6 10 *11 12 14 15)
jul 15 18:49:37 GUSTAVO-LINUX kernel: ACPI: PCI Interrupt Link [LNKB] (IRQs 3 4 5 6 *10 11 12 14 15)
jul 15 18:49:37 GUSTAVO-LINUX kernel: ACPI: PCI Interrupt Link [LNKC] (IRQs 3 4 5 6 10 *11 12 14 15)
jul 15 18:49:37 GUSTAVO-LINUX kernel: ACPI: PCI Interrupt Link [LNKD] (IRQs 3 4 5 6 10 *11 12 14 15)
jul 15 18:49:37 GUSTAVO-LINUX kernel: ACPI: PCI Interrupt Link [LNKE] (IRQs 3 4 5 6 10 *11 12 14 15)
jul 15 18:49:37 GUSTAVO-LINUX kernel: ACPI: PCI Interrupt Link [LNKF] (IRQs 3 4 5 6 10 *11 12 14 15)
jul 15 18:49:37 GUSTAVO-LINUX kernel: ACPI: PCI Interrupt Link [LNKG] (IRQs 3 4 5 6 10 *11 12 14 15)
jul 15 18:49:37 GUSTAVO-LINUX kernel: ACPI: PCI Interrupt Link [LNKH] (IRQs 3 4 5 6 10 *11 12 14 15)
jul 15 18:49:37 GUSTAVO-LINUX kernel: platform MSFT0101:00: failed to claim resource 1: [mem 0xfed40000-0
jul 15 18:49:37 GUSTAVO-LINUX kernel: acpi MSFT0101:00: platform device creation failed: -16
jul 15 18:49:37 GUSTAVO-LINUX kernel: ACPI: EC: interrupt unblocked
jul 15 18:49:37 GUSTAVO-LINUX kernel: ACPI: EC: event unblocked
jul 15 18:49:37 GUSTAVO-LINUX kernel: ACPI: \_SB_.PCI0.LPCB.EC0_: GPE=0x50, EC_CMD/EC_SC=0x66, EC_DATA=0x
jul 15 18:49:37 GUSTAVO-LINUX kernel: ACPI: \_SB_.PCI0.LPCB.EC0_: Used as boot DSDT EC to handle transact
jul 15 18:49:37 GUSTAVO-LINUX kernel: SCSI subsystem initialized
jul 15 18:49:37 GUSTAVO-LINUX kernel: libata version 3.00 loaded.
jul 15 18:49:37 GUSTAVO-LINUX kernel: pci 0000:00:02.0: vgaarb: setting as boot VGA device
jul 15 18:49:37 GUSTAVO-LINUX kernel: pci 0000:00:02.0: vgaarb: VGA device added: decodes=io+mem,owns=io+
jul 15 18:49:37 GUSTAVO-LINUX kernel: pci 0000:00:02.0: vgaarb: bridge control possible
jul 15 18:49:37 GUSTAVO-LINUX kernel: vgaarb: loaded
jul 15 18:49:37 GUSTAVO-LINUX kernel: ACPI: bus type USB registered
jul 15 18:49:37 GUSTAVO-LINUX kernel: usbcore: registered new interface driver usbfs
jul 15 18:49:37 GUSTAVO-LINUX kernel: usbcore: registered new interface driver hub
jul 15 18:49:37 GUSTAVO-LINUX kernel: usbcore: registered new device driver usb
jul 15 18:49:37 GUSTAVO-LINUX kernel: EDAC MC: Ver: 3.0.0
jul 15 18:49:37 GUSTAVO-LINUX kernel: Registered efivars operations
jul 15 18:49:37 GUSTAVO-LINUX kernel: PCI: Using ACPI for IRQ routing
jul 15 18:49:37 GUSTAVO-LINUX kernel: PCI: pci_cache_line_size set to 64 bytes
jul 15 18:49:37 GUSTAVO-LINUX kernel: e820: reserve RAM buffer [mem 0x00058000-0x0005ffff]
jul 15 18:49:37 GUSTAVO-LINUX kernel: e820: reserve RAM buffer [mem 0x00086000-0x0008ffff]
jul 15 18:49:37 GUSTAVO-LINUX kernel: e820: reserve RAM buffer [mem 0x72779000-0x73ffffff]
jul 15 18:49:37 GUSTAVO-LINUX kernel: e820: reserve RAM buffer [mem 0x72853000-0x73ffffff]
jul 15 18:49:37 GUSTAVO-LINUX kernel: e820: reserve RAM buffer [mem 0x89468000-0x8bffffff]
jul 15 18:49:37 GUSTAVO-LINUX kernel: e820: reserve RAM buffer [mem 0x8beff000-0x8bffffff]
jul 15 18:49:37 GUSTAVO-LINUX kernel: e820: reserve RAM buffer [mem 0x16f800000-0x16fffffff]
jul 15 18:49:37 GUSTAVO-LINUX kernel: NetLabel: Initializing
jul 15 18:49:37 GUSTAVO-LINUX kernel: NetLabel:  domain hash size = 128
jul 15 18:49:37 GUSTAVO-LINUX kernel: NetLabel:  protocols = UNLABELED CIPSOv4 CALIPSO
jul 15 18:49:37 GUSTAVO-LINUX kernel: NetLabel:  unlabeled traffic allowed by default
jul 15 18:49:37 GUSTAVO-LINUX kernel: hpet0: at MMIO 0xfed00000, IRQs 2, 8, 0, 0, 0, 0, 0, 0
jul 15 18:49:37 GUSTAVO-LINUX kernel: hpet0: 8 comparators, 64-bit 24.000000 MHz counter
jul 15 18:49:37 GUSTAVO-LINUX kernel: clocksource: Switched to clocksource hpet
jul 15 18:49:37 GUSTAVO-LINUX kernel: VFS: Disk quotas dquot_6.6.0
jul 15 18:49:37 GUSTAVO-LINUX kernel: VFS: Dquot-cache hash table entries: 512 (order 0, 4096 bytes)
jul 15 18:49:37 GUSTAVO-LINUX kernel: AppArmor: AppArmor Filesystem Enabled
jul 15 18:49:37 GUSTAVO-LINUX kernel: pnp: PnP ACPI init
jul 15 18:49:37 GUSTAVO-LINUX kernel: system 00:00: [mem 0xfd000000-0xfdabffff] has been reserved
jul 15 18:49:37 GUSTAVO-LINUX kernel: system 00:00: [mem 0xfdad0000-0xfdadffff] has been reserved
jul 15 18:49:37 GUSTAVO-LINUX kernel: system 00:00: [mem 0xfdb00000-0xfdffffff] has been reserved
jul 15 18:49:37 GUSTAVO-LINUX kernel: system 00:00: [mem 0xfe000000-0xfe01ffff] has been reserved
jul 15 18:49:37 GUSTAVO-LINUX kernel: system 00:00: [mem 0xfe036000-0xfe03bfff] has been reserved
jul 15 18:49:37 GUSTAVO-LINUX kernel: system 00:00: [mem 0xfe03d000-0xfe3fffff] has been reserved
jul 15 18:49:37 GUSTAVO-LINUX kernel: system 00:00: [mem 0xfe410000-0xfe7fffff] has been reserved
jul 15 18:49:37 GUSTAVO-LINUX kernel: system 00:00: Plug and Play ACPI device, IDs PNP0c02 (active)
jul 15 18:49:37 GUSTAVO-LINUX kernel: system 00:01: [io  0x0680-0x069f] has been reserved
jul 15 18:49:37 GUSTAVO-LINUX kernel: system 00:01: [io  0xfd40-0xfd43] has been reserved
jul 15 18:49:37 GUSTAVO-LINUX kernel: system 00:01: [io  0xffff] has been reserved
jul 15 18:49:37 GUSTAVO-LINUX kernel: system 00:01: [io  0xffff] has been reserved
jul 15 18:49:37 GUSTAVO-LINUX kernel: system 00:01: [io  0xffff] has been reserved
jul 15 18:49:37 GUSTAVO-LINUX kernel: system 00:01: [io  0x1800-0x18fe] has been reserved
jul 15 18:49:37 GUSTAVO-LINUX kernel: system 00:01: [io  0x164e-0x164f] has been reserved
jul 15 18:49:37 GUSTAVO-LINUX kernel: system 00:01: Plug and Play ACPI device, IDs PNP0c02 (active)
jul 15 18:49:37 GUSTAVO-LINUX kernel: pnp 00:02: Plug and Play ACPI device, IDs PNP0b00 (active)
jul 15 18:49:37 GUSTAVO-LINUX kernel: system 00:03: [io  0x1854-0x1857] has been reserved
jul 15 18:49:37 GUSTAVO-LINUX kernel: system 00:03: Plug and Play ACPI device, IDs INT3f0d PNP0c02 (activ
jul 15 18:49:37 GUSTAVO-LINUX kernel: pnp 00:04: Plug and Play ACPI device, IDs PNP0303 (active)
jul 15 18:49:37 GUSTAVO-LINUX kernel: pnp 00:05: Plug and Play ACPI device, IDs SYN2b8b SYN2b00 SYN0002 P
jul 15 18:49:37 GUSTAVO-LINUX kernel: system 00:06: [mem 0xfed10000-0xfed17fff] has been reserved
jul 15 18:49:37 GUSTAVO-LINUX kernel: system 00:06: [mem 0xfed18000-0xfed18fff] has been reserved
jul 15 18:49:37 GUSTAVO-LINUX kernel: system 00:06: [mem 0xfed19000-0xfed19fff] has been reserved
jul 15 18:49:37 GUSTAVO-LINUX kernel: system 00:06: [mem 0xe0000000-0xefffffff] has been reserved
jul 15 18:49:37 GUSTAVO-LINUX kernel: system 00:06: [mem 0xfed20000-0xfed3ffff] has been reserved
jul 15 18:49:37 GUSTAVO-LINUX kernel: system 00:06: [mem 0xfed90000-0xfed93fff] could not be reserved
jul 15 18:49:37 GUSTAVO-LINUX kernel: system 00:06: [mem 0xfed45000-0xfed8ffff] could not be reserved
jul 15 18:49:37 GUSTAVO-LINUX kernel: system 00:06: [mem 0xff000000-0xff000fff] has been reserved
jul 15 18:49:37 GUSTAVO-LINUX kernel: system 00:06: [mem 0xff010000-0xffffffff] could not be reserved
jul 15 18:49:37 GUSTAVO-LINUX kernel: system 00:06: [mem 0xff001000-0xff0010ff] has been reserved
jul 15 18:49:37 GUSTAVO-LINUX kernel: system 00:06: [mem 0xff002000-0xff0020ff] has been reserved
jul 15 18:49:37 GUSTAVO-LINUX kernel: system 00:06: [mem 0xfee00000-0xfeefffff] could not be reserved
jul 15 18:49:37 GUSTAVO-LINUX kernel: system 00:06: [mem 0x8f800000-0x8f81ffff] has been reserved
jul 15 18:49:37 GUSTAVO-LINUX kernel: system 00:06: Plug and Play ACPI device, IDs PNP0c02 (active)
jul 15 18:49:37 GUSTAVO-LINUX kernel: pnp: PnP ACPI: found 7 devices
jul 15 18:49:37 GUSTAVO-LINUX kernel: clocksource: acpi_pm: mask: 0xffffff max_cycles: 0xffffff, max_idle
jul 15 18:49:37 GUSTAVO-LINUX kernel: pci 0000:00:1c.0: PCI bridge to [bus 01]
jul 15 18:49:37 GUSTAVO-LINUX kernel: pci 0000:00:1c.0:   bridge window [io  0x4000-0x4fff]
jul 15 18:49:37 GUSTAVO-LINUX kernel: pci 0000:00:1c.0:   bridge window [mem 0xa3300000-0xa33fffff]
jul 15 18:49:37 GUSTAVO-LINUX kernel: pci 0000:00:1c.0:   bridge window [mem 0xa3200000-0xa32fffff 64bit 
jul 15 18:49:37 GUSTAVO-LINUX kernel: pci 0000:00:1c.5: PCI bridge to [bus 02]
jul 15 18:49:37 GUSTAVO-LINUX kernel: pci 0000:00:1c.5:   bridge window [mem 0xa3000000-0xa31fffff]
jul 15 18:49:37 GUSTAVO-LINUX kernel: pci 0000:00:1d.0: PCI bridge to [bus 03-08]
jul 15 18:49:37 GUSTAVO-LINUX kernel: pci 0000:00:1d.0:   bridge window [io  0x3000-0x3fff]
jul 15 18:49:37 GUSTAVO-LINUX kernel: pci 0000:00:1d.0:   bridge window [mem 0xa2000000-0xa2ffffff]
jul 15 18:49:37 GUSTAVO-LINUX kernel: pci 0000:00:1d.0:   bridge window [mem 0xa0000000-0xa0ffffff 64bit 
jul 15 18:49:37 GUSTAVO-LINUX kernel: pci_bus 0000:00: resource 4 [io  0x0000-0x0cf7 window]
jul 15 18:49:37 GUSTAVO-LINUX kernel: pci_bus 0000:00: resource 5 [io  0x0d00-0xffff window]
jul 15 18:49:37 GUSTAVO-LINUX kernel: pci_bus 0000:00: resource 6 [mem 0x000a0000-0x000bffff window]
jul 15 18:49:37 GUSTAVO-LINUX kernel: pci_bus 0000:00: resource 7 [mem 0x000c0000-0x000c3fff window]
jul 15 18:49:37 GUSTAVO-LINUX kernel: pci_bus 0000:00: resource 8 [mem 0x000c4000-0x000c7fff window]
jul 15 18:49:37 GUSTAVO-LINUX kernel: pci_bus 0000:00: resource 9 [mem 0x000c8000-0x000cbfff window]
jul 15 18:49:37 GUSTAVO-LINUX kernel: pci_bus 0000:00: resource 10 [mem 0x000cc000-0x000cffff window]
jul 15 18:49:37 GUSTAVO-LINUX kernel: pci_bus 0000:00: resource 11 [mem 0x000d0000-0x000d3fff window]
jul 15 18:49:37 GUSTAVO-LINUX kernel: pci_bus 0000:00: resource 12 [mem 0x000d4000-0x000d7fff window]
jul 15 18:49:37 GUSTAVO-LINUX kernel: pci_bus 0000:00: resource 13 [mem 0x000d8000-0x000dbfff window]
jul 15 18:49:37 GUSTAVO-LINUX kernel: pci_bus 0000:00: resource 14 [mem 0x000dc000-0x000dffff window]
jul 15 18:49:37 GUSTAVO-LINUX kernel: pci_bus 0000:00: resource 15 [mem 0x8f800000-0xdfffffff window]
jul 15 18:49:37 GUSTAVO-LINUX kernel: pci_bus 0000:00: resource 16 [mem 0xfd000000-0xfe7fffff window]
jul 15 18:49:37 GUSTAVO-LINUX kernel: pci_bus 0000:01: resource 0 [io  0x4000-0x4fff]
jul 15 18:49:37 GUSTAVO-LINUX kernel: pci_bus 0000:01: resource 1 [mem 0xa3300000-0xa33fffff]
jul 15 18:49:37 GUSTAVO-LINUX kernel: pci_bus 0000:01: resource 2 [mem 0xa3200000-0xa32fffff 64bit pref]
jul 15 18:49:37 GUSTAVO-LINUX kernel: pci_bus 0000:02: resource 1 [mem 0xa3000000-0xa31fffff]
jul 15 18:49:37 GUSTAVO-LINUX kernel: pci_bus 0000:03: resource 0 [io  0x3000-0x3fff]
jul 15 18:49:37 GUSTAVO-LINUX kernel: pci_bus 0000:03: resource 1 [mem 0xa2000000-0xa2ffffff]
jul 15 18:49:37 GUSTAVO-LINUX kernel: pci_bus 0000:03: resource 2 [mem 0xa0000000-0xa0ffffff 64bit pref]
jul 15 18:49:37 GUSTAVO-LINUX kernel: NET: Registered protocol family 2
jul 15 18:49:37 GUSTAVO-LINUX kernel: TCP established hash table entries: 32768 (order: 6, 262144 bytes)
jul 15 18:49:37 GUSTAVO-LINUX kernel: TCP bind hash table entries: 32768 (order: 7, 524288 bytes)
jul 15 18:49:37 GUSTAVO-LINUX kernel: TCP: Hash tables configured (established 32768 bind 32768)
jul 15 18:49:37 GUSTAVO-LINUX kernel: UDP hash table entries: 2048 (order: 4, 65536 bytes)
jul 15 18:49:37 GUSTAVO-LINUX kernel: UDP-Lite hash table entries: 2048 (order: 4, 65536 bytes)
jul 15 18:49:37 GUSTAVO-LINUX kernel: NET: Registered protocol family 1
jul 15 18:49:37 GUSTAVO-LINUX kernel: pci 0000:00:02.0: Video device with shadowed ROM at [mem 0x000c0000
jul 15 18:49:37 GUSTAVO-LINUX kernel: PCI: CLS 64 bytes, default 64
jul 15 18:49:37 GUSTAVO-LINUX kernel: Unpacking initramfs...
jul 15 18:49:37 GUSTAVO-LINUX kernel: Freeing initrd memory: 49704K
jul 15 18:49:37 GUSTAVO-LINUX kernel: PCI-DMA: Using software bounce buffering for IO (SWIOTLB)
jul 15 18:49:37 GUSTAVO-LINUX kernel: software IO TLB [mem 0x84f49000-0x88f49000] (64MB) mapped at [00000
jul 15 18:49:37 GUSTAVO-LINUX kernel: clocksource: tsc: mask: 0xffffffffffffffff max_cycles: 0x2135f7c97c
jul 15 18:49:37 GUSTAVO-LINUX kernel: Scanning for low memory corruption every 60 seconds
jul 15 18:49:37 GUSTAVO-LINUX kernel: Initialise system trusted keyrings
jul 15 18:49:37 GUSTAVO-LINUX kernel: Key type blacklist registered
jul 15 18:49:37 GUSTAVO-LINUX kernel: workingset: timestamp_bits=36 max_order=20 bucket_order=0
jul 15 18:49:37 GUSTAVO-LINUX kernel: zbud: loaded
jul 15 18:49:37 GUSTAVO-LINUX kernel: squashfs: version 4.0 (2009/01/31) Phillip Lougher
jul 15 18:49:37 GUSTAVO-LINUX kernel: fuse init (API version 7.26)
jul 15 18:49:37 GUSTAVO-LINUX kernel: Key type asymmetric registered
jul 15 18:49:37 GUSTAVO-LINUX kernel: Asymmetric key parser 'x509' registered
jul 15 18:49:37 GUSTAVO-LINUX kernel: Block layer SCSI generic (bsg) driver version 0.4 loaded (major 246
jul 15 18:49:37 GUSTAVO-LINUX kernel: io scheduler noop registered
jul 15 18:49:37 GUSTAVO-LINUX kernel: io scheduler deadline registered
jul 15 18:49:37 GUSTAVO-LINUX kernel: io scheduler cfq registered (default)
jul 15 18:49:37 GUSTAVO-LINUX kernel: efifb: probing for efifb
jul 15 18:49:37 GUSTAVO-LINUX kernel: efifb: framebuffer at 0x90000000, using 4160k, total 4160k
jul 15 18:49:37 GUSTAVO-LINUX kernel: efifb: mode is 1366x768x32, linelength=5504, pages=1
jul 15 18:49:37 GUSTAVO-LINUX kernel: efifb: scrolling: redraw
jul 15 18:49:37 GUSTAVO-LINUX kernel: efifb: Truecolor: size=8:8:8:8, shift=24:16:8:0
jul 15 18:49:37 GUSTAVO-LINUX kernel: Console: switching to colour frame buffer device 170x48
jul 15 18:49:37 GUSTAVO-LINUX kernel: fb0: EFI VGA frame buffer device
jul 15 18:49:37 GUSTAVO-LINUX kernel: intel_idle: MWAIT substates: 0x11142120
jul 15 18:49:37 GUSTAVO-LINUX kernel: intel_idle: v0.4.1 model 0x4E
jul 15 18:49:37 GUSTAVO-LINUX kernel: intel_idle: lapic_timer_reliable_states 0xffffffff
jul 15 18:49:37 GUSTAVO-LINUX kernel: ACPI: AC Adapter [ACAD] (on-line)
jul 15 18:49:37 GUSTAVO-LINUX kernel: input: Lid Switch as /devices/LNXSYSTM:00/LNXSYBUS:00/PNP0A08:00/de
jul 15 18:49:37 GUSTAVO-LINUX kernel: ACPI: Lid Switch [LID0]
jul 15 18:49:37 GUSTAVO-LINUX kernel: input: Power Button as /devices/LNXSYSTM:00/LNXSYBUS:00/PNP0C0C:00/
jul 15 18:49:37 GUSTAVO-LINUX kernel: ACPI: Power Button [PWRB]
jul 15 18:49:37 GUSTAVO-LINUX kernel: input: Power Button as /devices/LNXSYSTM:00/LNXPWRBN:00/input/input
jul 15 18:49:37 GUSTAVO-LINUX kernel: ACPI: Power Button [PWRF]
jul 15 18:49:37 GUSTAVO-LINUX kernel: ACPI: Invalid passive threshold
jul 15 18:49:37 GUSTAVO-LINUX kernel: (NULL device *): hwmon_device_register() is deprecated. Please conv
jul 15 18:49:37 GUSTAVO-LINUX kernel: thermal LNXTHERM:00: registered as thermal_zone0
jul 15 18:49:37 GUSTAVO-LINUX kernel: ACPI: Thermal Zone [TZ00] (52 C)
jul 15 18:49:37 GUSTAVO-LINUX kernel: Serial: 8250/16550 driver, 32 ports, IRQ sharing enabled
jul 15 18:49:37 GUSTAVO-LINUX kernel: ACPI: Battery Slot [BAT1] (battery present)
jul 15 18:49:37 GUSTAVO-LINUX kernel: Linux agpgart interface v0.103
jul 15 18:49:37 GUSTAVO-LINUX kernel: loop: module loaded
jul 15 18:49:37 GUSTAVO-LINUX kernel: libphy: Fixed MDIO Bus: probed
jul 15 18:49:37 GUSTAVO-LINUX kernel: tun: Universal TUN/TAP device driver, 1.6
jul 15 18:49:37 GUSTAVO-LINUX kernel: PPP generic driver version 2.4.2
jul 15 18:49:37 GUSTAVO-LINUX kernel: ehci_hcd: USB 2.0 'Enhanced' Host Controller (EHCI) Driver
jul 15 18:49:37 GUSTAVO-LINUX kernel: ehci-pci: EHCI PCI platform driver
jul 15 18:49:37 GUSTAVO-LINUX kernel: ehci-platform: EHCI generic platform driver
jul 15 18:49:37 GUSTAVO-LINUX kernel: ohci_hcd: USB 1.1 'Open' Host Controller (OHCI) Driver
jul 15 18:49:37 GUSTAVO-LINUX kernel: ohci-pci: OHCI PCI platform driver
jul 15 18:49:37 GUSTAVO-LINUX kernel: ohci-platform: OHCI generic platform driver
jul 15 18:49:37 GUSTAVO-LINUX kernel: uhci_hcd: USB Universal Host Controller Interface driver
jul 15 18:49:37 GUSTAVO-LINUX kernel: xhci_hcd 0000:00:14.0: xHCI Host Controller
jul 15 18:49:37 GUSTAVO-LINUX kernel: xhci_hcd 0000:00:14.0: new USB bus registered, assigned bus number 
jul 15 18:49:37 GUSTAVO-LINUX kernel: xhci_hcd 0000:00:14.0: hcc params 0x200077c1 hci version 0x100 quir
jul 15 18:49:37 GUSTAVO-LINUX kernel: xhci_hcd 0000:00:14.0: cache line size of 64 is not supported
jul 15 18:49:37 GUSTAVO-LINUX kernel: usb usb1: New USB device found, idVendor=1d6b, idProduct=0002
jul 15 18:49:37 GUSTAVO-LINUX kernel: usb usb1: New USB device strings: Mfr=3, Product=2, SerialNumber=1
jul 15 18:49:37 GUSTAVO-LINUX kernel: usb usb1: Product: xHCI Host Controller
jul 15 18:49:37 GUSTAVO-LINUX kernel: usb usb1: Manufacturer: Linux 4.15.0-21deepin-generic xhci-hcd
jul 15 18:49:37 GUSTAVO-LINUX kernel: usb usb1: SerialNumber: 0000:00:14.0
jul 15 18:49:37 GUSTAVO-LINUX kernel: hub 1-0:1.0: USB hub found
jul 15 18:49:37 GUSTAVO-LINUX kernel: hub 1-0:1.0: 12 ports detected
jul 15 18:49:37 GUSTAVO-LINUX kernel: xhci_hcd 0000:00:14.0: xHCI Host Controller
jul 15 18:49:37 GUSTAVO-LINUX kernel: xhci_hcd 0000:00:14.0: new USB bus registered, assigned bus number 
jul 15 18:49:37 GUSTAVO-LINUX kernel: usb usb2: New USB device found, idVendor=1d6b, idProduct=0003
jul 15 18:49:37 GUSTAVO-LINUX kernel: usb usb2: New USB device strings: Mfr=3, Product=2, SerialNumber=1
jul 15 18:49:37 GUSTAVO-LINUX kernel: usb usb2: Product: xHCI Host Controller
jul 15 18:49:37 GUSTAVO-LINUX kernel: usb usb2: Manufacturer: Linux 4.15.0-21deepin-generic xhci-hcd
jul 15 18:49:37 GUSTAVO-LINUX kernel: usb usb2: SerialNumber: 0000:00:14.0
jul 15 18:49:37 GUSTAVO-LINUX kernel: hub 2-0:1.0: USB hub found
jul 15 18:49:37 GUSTAVO-LINUX kernel: hub 2-0:1.0: 6 ports detected
jul 15 18:49:37 GUSTAVO-LINUX kernel: usb: port power management may be unreliable
jul 15 18:49:37 GUSTAVO-LINUX kernel: i8042: PNP: PS/2 Controller [PNP0303:PS2K,PNP0f13:MSS0] at 0x60,0x6
jul 15 18:49:37 GUSTAVO-LINUX kernel: serio: i8042 KBD port at 0x60,0x64 irq 1
jul 15 18:49:37 GUSTAVO-LINUX kernel: serio: i8042 AUX port at 0x60,0x64 irq 12
jul 15 18:49:37 GUSTAVO-LINUX kernel: mousedev: PS/2 mouse device common for all mice
jul 15 18:49:37 GUSTAVO-LINUX kernel: rtc_cmos 00:02: RTC can wake from S4
jul 15 18:49:37 GUSTAVO-LINUX kernel: rtc_cmos 00:02: rtc core: registered rtc_cmos as rtc0
jul 15 18:49:37 GUSTAVO-LINUX kernel: rtc_cmos 00:02: alarms up to one month, y3k, 242 bytes nvram, hpet 
jul 15 18:49:37 GUSTAVO-LINUX kernel: i2c /dev entries driver
jul 15 18:49:37 GUSTAVO-LINUX kernel: device-mapper: uevent: version 1.0.3
jul 15 18:49:37 GUSTAVO-LINUX kernel: device-mapper: ioctl: 4.37.0-ioctl (2017-09-20) initialised: dm-dev
jul 15 18:49:37 GUSTAVO-LINUX kernel: intel_pstate: Intel P-state driver initializing
jul 15 18:49:37 GUSTAVO-LINUX kernel: intel_pstate: HWP enabled
jul 15 18:49:37 GUSTAVO-LINUX kernel: ledtrig-cpu: registered to indicate activity on CPUs
jul 15 18:49:37 GUSTAVO-LINUX kernel: EFI Variables Facility v0.08 2004-May-17
jul 15 18:49:37 GUSTAVO-LINUX kernel: input: AT Translated Set 2 keyboard as /devices/platform/i8042/seri
jul 15 18:49:37 GUSTAVO-LINUX kernel: intel_pmc_core:  initialized
jul 15 18:49:37 GUSTAVO-LINUX kernel: NET: Registered protocol family 10
jul 15 18:49:37 GUSTAVO-LINUX kernel: Segment Routing with IPv6
jul 15 18:49:37 GUSTAVO-LINUX kernel: NET: Registered protocol family 17
jul 15 18:49:37 GUSTAVO-LINUX kernel: Key type dns_resolver registered
jul 15 18:49:37 GUSTAVO-LINUX kernel: RAS: Correctable Errors collector initialized.
jul 15 18:49:37 GUSTAVO-LINUX kernel: microcode: sig=0x406e3, pf=0x80, revision=0xba
jul 15 18:49:37 GUSTAVO-LINUX kernel: microcode: Microcode Update Driver: v2.2.
jul 15 18:49:37 GUSTAVO-LINUX kernel: sched_clock: Marking stable (1106144745, 0)->(1083572495, 22572250)
jul 15 18:49:37 GUSTAVO-LINUX kernel: registered taskstats version 1
jul 15 18:49:37 GUSTAVO-LINUX kernel: Loading compiled-in X.509 certificates
jul 15 18:49:37 GUSTAVO-LINUX kernel: Loaded X.509 cert 'Build time autogenerated kernel key: 958c1de384c
jul 15 18:49:37 GUSTAVO-LINUX kernel: Couldn't get size: 0x800000000000000e
jul 15 18:49:37 GUSTAVO-LINUX kernel: MODSIGN: Couldn't get UEFI db list
jul 15 18:49:37 GUSTAVO-LINUX kernel: Loaded UEFI:MokListRT cert 'Canonical Ltd. Master Certificate Autho
jul 15 18:49:37 GUSTAVO-LINUX kernel: zswap: loaded using pool lzo/zbud
jul 15 18:49:37 GUSTAVO-LINUX kernel: Key type big_key registered
jul 15 18:49:37 GUSTAVO-LINUX kernel: Key type trusted registered
jul 15 18:49:37 GUSTAVO-LINUX kernel: Key type encrypted registered
jul 15 18:49:37 GUSTAVO-LINUX kernel: AppArmor: AppArmor sha1 policy hashing enabled
jul 15 18:49:37 GUSTAVO-LINUX kernel: ima: No TPM chip found, activating TPM-bypass! (rc=-19)
jul 15 18:49:37 GUSTAVO-LINUX kernel: evm: HMAC attrs: 0x1
jul 15 18:49:37 GUSTAVO-LINUX kernel:   Magic number: 10:256:856
jul 15 18:49:37 GUSTAVO-LINUX kernel: rtc_cmos 00:02: setting system clock to 2018-07-15 22:49:31 UTC (15
jul 15 18:49:37 GUSTAVO-LINUX kernel: BIOS EDD facility v0.16 2004-Jun-25, 0 devices found
jul 15 18:49:37 GUSTAVO-LINUX kernel: EDD information not available.
jul 15 18:49:37 GUSTAVO-LINUX kernel: Freeing unused kernel memory: 2404K
jul 15 18:49:37 GUSTAVO-LINUX kernel: Write protecting the kernel read-only data: 20480k
jul 15 18:49:37 GUSTAVO-LINUX kernel: Freeing unused kernel memory: 2008K
jul 15 18:49:37 GUSTAVO-LINUX kernel: Freeing unused kernel memory: 1920K
jul 15 18:49:37 GUSTAVO-LINUX kernel: x86/mm: Checked W+X mappings: passed, no W+X pages found.
jul 15 18:49:37 GUSTAVO-LINUX kernel: x86/mm: Checking user space page tables
jul 15 18:49:37 GUSTAVO-LINUX kernel: x86/mm: Checked W+X mappings: passed, no W+X pages found.
jul 15 18:49:37 GUSTAVO-LINUX kernel: ahci 0000:00:17.0: version 3.0
jul 15 18:49:37 GUSTAVO-LINUX kernel: r8169 Gigabit Ethernet driver 2.3LK-NAPI loaded
jul 15 18:49:37 GUSTAVO-LINUX kernel: r8169 0000:01:00.0: can't disable ASPM; OS doesn't have ASPM contro
jul 15 18:49:37 GUSTAVO-LINUX kernel: r8169 0000:01:00.0 eth0: RTL8106e at 0x000000008068156d, fc:45:96:3
jul 15 18:49:37 GUSTAVO-LINUX kernel: ahci 0000:00:17.0: AHCI 0001.0301 32 slots 2 ports 6 Gbps 0x3 impl 
jul 15 18:49:37 GUSTAVO-LINUX kernel: ahci 0000:00:17.0: flags: 64bit ncq led clo only pio slum part deso
jul 15 18:49:37 GUSTAVO-LINUX kernel: scsi host0: ahci
jul 15 18:49:37 GUSTAVO-LINUX kernel: scsi host1: ahci
jul 15 18:49:37 GUSTAVO-LINUX kernel: ata1: SATA max UDMA/133 abar m2048@0xa342c000 port 0xa342c100 irq 1
jul 15 18:49:37 GUSTAVO-LINUX kernel: ata2: SATA max UDMA/133 abar m2048@0xa342c000 port 0xa342c180 irq 1
jul 15 18:49:37 GUSTAVO-LINUX kernel: i801_smbus 0000:00:1f.4: SPD Write Disable is set
jul 15 18:49:37 GUSTAVO-LINUX kernel: i801_smbus 0000:00:1f.4: SMBus using PCI interrupt
jul 15 18:49:37 GUSTAVO-LINUX kernel: r8169 0000:01:00.0 enp1s0: renamed from eth0
jul 15 18:49:37 GUSTAVO-LINUX kernel: AVX2 version of gcm_enc/dec engaged.
jul 15 18:49:37 GUSTAVO-LINUX kernel: AES CTR mode by8 optimization enabled
jul 15 18:49:37 GUSTAVO-LINUX kernel: [drm] Memory usable by graphics device = 4096M
jul 15 18:49:37 GUSTAVO-LINUX kernel: checking generic (90000000 410000) vs hw (90000000 10000000)
jul 15 18:49:37 GUSTAVO-LINUX kernel: fb: switching to inteldrmfb from EFI VGA
jul 15 18:49:37 GUSTAVO-LINUX kernel: Console: switching to colour dummy device 80x25
jul 15 18:49:37 GUSTAVO-LINUX kernel: [drm] Replacing VGA console driver
jul 15 18:49:37 GUSTAVO-LINUX kernel: [drm] ACPI BIOS requests an excessive sleep of 20000 ms, using 1500
jul 15 18:49:37 GUSTAVO-LINUX kernel: [drm] Supports vblank timestamp caching Rev 2 (21.10.2013).
jul 15 18:49:37 GUSTAVO-LINUX kernel: [drm] Driver supports precise vblank timestamp query.
jul 15 18:49:37 GUSTAVO-LINUX kernel: i915 0000:00:02.0: vgaarb: changed VGA decodes: olddecodes=io+mem,d
jul 15 18:49:37 GUSTAVO-LINUX kernel: [drm] Finished loading DMC firmware i915/skl_dmc_ver1_26.bin (v1.26
jul 15 18:49:37 GUSTAVO-LINUX kernel: [drm] Initialized i915 1.6.0 20171023 for 0000:00:02.0 on minor 0
jul 15 18:49:37 GUSTAVO-LINUX kernel: ACPI: Video Device [GFX0] (multi-head: yes  rom: no  post: no)
jul 15 18:49:37 GUSTAVO-LINUX kernel: input: Video Bus as /devices/LNXSYSTM:00/LNXSYBUS:00/PNP0A08:00/LNX
jul 15 18:49:37 GUSTAVO-LINUX kernel: fbcon: inteldrmfb (fb0) is primary device
jul 15 18:49:37 GUSTAVO-LINUX kernel: usb 1-4: new low-speed USB device number 2 using xhci_hcd
jul 15 18:49:37 GUSTAVO-LINUX kernel: ata1: SATA link up 6.0 Gbps (SStatus 133 SControl 300)
jul 15 18:49:37 GUSTAVO-LINUX kernel: ata2: SATA link up 1.5 Gbps (SStatus 113 SControl 300)
jul 15 18:49:37 GUSTAVO-LINUX kernel: usb 1-4: New USB device found, idVendor=18f8, idProduct=0f97
jul 15 18:49:37 GUSTAVO-LINUX kernel: usb 1-4: New USB device strings: Mfr=0, Product=1, SerialNumber=0
jul 15 18:49:37 GUSTAVO-LINUX kernel: usb 1-4: Product: USB OPTICAL MOUSE 
jul 15 18:49:37 GUSTAVO-LINUX kernel: ata2.00: ATAPI: HL-DT-ST DVDRAM GUE0N, T.02, max UDMA/33
jul 15 18:49:37 GUSTAVO-LINUX kernel: ata2.00: configured for UDMA/33
jul 15 18:49:37 GUSTAVO-LINUX kernel: hidraw: raw HID events driver (C) Jiri Kosina
jul 15 18:49:37 GUSTAVO-LINUX kernel: usbcore: registered new interface driver usbhid
jul 15 18:49:37 GUSTAVO-LINUX kernel: usbhid: USB HID core driver
jul 15 18:49:37 GUSTAVO-LINUX kernel: input: USB OPTICAL MOUSE  as /devices/pci0000:00/0000:00:14.0/usb1/
jul 15 18:49:37 GUSTAVO-LINUX kernel: hid-generic 0003:18F8:0F97.0001: input,hidraw0: USB HID v1.10 Mouse
jul 15 18:49:37 GUSTAVO-LINUX kernel: input: USB OPTICAL MOUSE  as /devices/pci0000:00/0000:00:14.0/usb1/
jul 15 18:49:37 GUSTAVO-LINUX kernel: ata1.00: ATA-8: TOSHIBA MQ01ABD100, AX1P6E, max UDMA/100
jul 15 18:49:37 GUSTAVO-LINUX kernel: ata1.00: 1953525168 sectors, multi 16: LBA48 NCQ (depth 31/32), AA
jul 15 18:49:37 GUSTAVO-LINUX kernel: ata1.00: configured for UDMA/100
jul 15 18:49:37 GUSTAVO-LINUX kernel: scsi 0:0:0:0: Direct-Access     ATA      TOSHIBA MQ01ABD1 6E   PQ: 
jul 15 18:49:37 GUSTAVO-LINUX kernel: sd 0:0:0:0: Attached scsi generic sg0 type 0
jul 15 18:49:37 GUSTAVO-LINUX kernel: sd 0:0:0:0: [sda] 1953525168 512-byte logical blocks: (1.00 TB/932 
jul 15 18:49:37 GUSTAVO-LINUX kernel: sd 0:0:0:0: [sda] 4096-byte physical blocks
jul 15 18:49:37 GUSTAVO-LINUX kernel: sd 0:0:0:0: [sda] Write Protect is off
jul 15 18:49:37 GUSTAVO-LINUX kernel: sd 0:0:0:0: [sda] Mode Sense: 00 3a 00 00
jul 15 18:49:37 GUSTAVO-LINUX kernel: sd 0:0:0:0: [sda] Write cache: enabled, read cache: enabled, doesn'
jul 15 18:49:37 GUSTAVO-LINUX kernel: scsi 1:0:0:0: CD-ROM            HL-DT-ST DVDRAM GUE0N     T.02 PQ: 
jul 15 18:49:37 GUSTAVO-LINUX kernel: hid-generic 0003:18F8:0F97.0002: input,hiddev0,hidraw1: USB HID v1.
jul 15 18:49:37 GUSTAVO-LINUX kernel: sr 1:0:0:0: [sr0] scsi3-mmc drive: 24x/24x writer dvd-ram cd/rw xa/
jul 15 18:49:37 GUSTAVO-LINUX kernel: cdrom: Uniform CD-ROM driver Revision: 3.20
jul 15 18:49:37 GUSTAVO-LINUX kernel: sr 1:0:0:0: Attached scsi CD-ROM sr0
jul 15 18:49:37 GUSTAVO-LINUX kernel: sr 1:0:0:0: Attached scsi generic sg1 type 5
jul 15 18:49:37 GUSTAVO-LINUX kernel: usb 1-5: new high-speed USB device number 3 using xhci_hcd
jul 15 18:49:37 GUSTAVO-LINUX kernel:  sda: sda1 sda2 sda3 sda4 sda5 sda6
jul 15 18:49:37 GUSTAVO-LINUX kernel: sd 0:0:0:0: [sda] Attached SCSI disk
jul 15 18:49:37 GUSTAVO-LINUX kernel: usb 1-5: New USB device found, idVendor=174f, idProduct=1172
jul 15 18:49:37 GUSTAVO-LINUX kernel: usb 1-5: New USB device strings: Mfr=3, Product=1, SerialNumber=2
jul 15 18:49:37 GUSTAVO-LINUX kernel: usb 1-5: Product: EasyCamera
jul 15 18:49:37 GUSTAVO-LINUX kernel: usb 1-5: Manufacturer: 160908071206
jul 15 18:49:37 GUSTAVO-LINUX kernel: usb 1-5: SerialNumber: 20151103
jul 15 18:49:37 GUSTAVO-LINUX kernel: Console: switching to colour frame buffer device 170x48
jul 15 18:49:37 GUSTAVO-LINUX kernel: i915 0000:00:02.0: fb0: inteldrmfb frame buffer device
jul 15 18:49:37 GUSTAVO-LINUX kernel: usb 1-6: new high-speed USB device number 4 using xhci_hcd
jul 15 18:49:37 GUSTAVO-LINUX kernel: clocksource: Switched to clocksource tsc
jul 15 18:49:37 GUSTAVO-LINUX kernel: psmouse serio1: synaptics: queried max coordinates: x [..5752], y [
jul 15 18:49:37 GUSTAVO-LINUX kernel: usb 1-6: New USB device found, idVendor=0bda, idProduct=0129
jul 15 18:49:37 GUSTAVO-LINUX kernel: usb 1-6: New USB device strings: Mfr=1, Product=2, SerialNumber=3
jul 15 18:49:37 GUSTAVO-LINUX kernel: usb 1-6: Product: USB2.0-CRW
jul 15 18:49:37 GUSTAVO-LINUX kernel: usb 1-6: Manufacturer: Generic
jul 15 18:49:37 GUSTAVO-LINUX kernel: usb 1-6: SerialNumber: 20100201396000000
jul 15 18:49:37 GUSTAVO-LINUX kernel: usbcore: registered new interface driver rtsx_usb
jul 15 18:49:37 GUSTAVO-LINUX kernel: psmouse serio1: synaptics: queried min coordinates: x [1192..], y [
jul 15 18:49:37 GUSTAVO-LINUX kernel: psmouse serio1: synaptics: Touchpad model: 1, fw: 7.5, id: 0x1e0b1,
jul 15 18:49:37 GUSTAVO-LINUX kernel: input: SynPS/2 Synaptics TouchPad as /devices/platform/i8042/serio1
jul 15 18:49:37 GUSTAVO-LINUX kernel: usb 1-7: new full-speed USB device number 5 using xhci_hcd
jul 15 18:49:37 GUSTAVO-LINUX kernel: usb 1-7: New USB device found, idVendor=0cf3, idProduct=e360
jul 15 18:49:37 GUSTAVO-LINUX kernel: usb 1-7: New USB device strings: Mfr=0, Product=0, SerialNumber=0
jul 15 18:49:37 GUSTAVO-LINUX kernel: raid6: sse2x1   gen()  8150 MB/s
jul 15 18:49:37 GUSTAVO-LINUX kernel: [drm] RC6 on
jul 15 18:49:37 GUSTAVO-LINUX kernel: raid6: sse2x1   xor()  5895 MB/s
jul 15 18:49:37 GUSTAVO-LINUX kernel: raid6: sse2x2   gen() 10079 MB/s
jul 15 18:49:37 GUSTAVO-LINUX kernel: raid6: sse2x2   xor()  6767 MB/s
jul 15 18:49:37 GUSTAVO-LINUX kernel: raid6: sse2x4   gen() 11671 MB/s
jul 15 18:49:37 GUSTAVO-LINUX kernel: raid6: sse2x4   xor()  7351 MB/s
jul 15 18:49:37 GUSTAVO-LINUX kernel: raid6: avx2x1   gen() 16328 MB/s
jul 15 18:49:37 GUSTAVO-LINUX kernel: raid6: avx2x1   xor() 11226 MB/s
jul 15 18:49:37 GUSTAVO-LINUX kernel: raid6: avx2x2   gen() 19730 MB/s
jul 15 18:49:37 GUSTAVO-LINUX kernel: raid6: avx2x2   xor() 12259 MB/s
jul 15 18:49:37 GUSTAVO-LINUX kernel: raid6: avx2x4   gen() 22460 MB/s
jul 15 18:49:37 GUSTAVO-LINUX kernel: raid6: avx2x4   xor() 13739 MB/s
jul 15 18:49:37 GUSTAVO-LINUX kernel: raid6: using algorithm avx2x4 gen() 22460 MB/s
jul 15 18:49:37 GUSTAVO-LINUX kernel: raid6: .... xor() 13739 MB/s, rmw enabled
jul 15 18:49:37 GUSTAVO-LINUX kernel: raid6: using avx2x2 recovery algorithm
jul 15 18:49:37 GUSTAVO-LINUX kernel: xor: automatically using best checksumming function   avx       
jul 15 18:49:37 GUSTAVO-LINUX kernel: async_tx: api initialized (async)
jul 15 18:49:37 GUSTAVO-LINUX kernel: Btrfs loaded, crc32c=crc32c-intel
jul 15 18:49:37 GUSTAVO-LINUX kernel: EXT4-fs (sda5): mounted filesystem with ordered data mode. Opts: (n
jul 15 18:49:37 GUSTAVO-LINUX kernel: random: crng init done
jul 15 18:49:37 GUSTAVO-LINUX kernel: ip_tables: (C) 2000-2006 Netfilter Core Team
jul 15 18:49:37 GUSTAVO-LINUX systemd[1]: systemd 234 running in system mode. (+PAM +AUDIT +SELINUX +IMA 
jul 15 18:49:37 GUSTAVO-LINUX systemd[1]: Detected architecture x86-64.
jul 15 18:49:37 GUSTAVO-LINUX systemd[1]: Set hostname to <GUSTAVO-LINUX>.
jul 15 18:49:37 GUSTAVO-LINUX systemd[1]: Listening on /dev/initctl Compatibility Named Pipe.
jul 15 18:49:37 GUSTAVO-LINUX systemd[1]: Reached target Remote File Systems.
jul 15 18:49:37 GUSTAVO-LINUX systemd[1]: Listening on Journal Socket (/dev/log).
jul 15 18:49:37 GUSTAVO-LINUX systemd[1]: Reached target User and Group Name Lookups.
jul 15 18:49:37 GUSTAVO-LINUX systemd[1]: Created slice System Slice.
jul 15 18:49:37 GUSTAVO-LINUX systemd[1]: Mounting POSIX Message Queue File System...
jul 15 18:49:37 GUSTAVO-LINUX systemd[1]: Mounting Kernel Debug File System...
jul 15 18:49:37 GUSTAVO-LINUX systemd-journald[334]: Journal started
-- Subject: O jornal foi inciado
-- Defined-By: systemd
-- Support: https://www.debian.org/support
-- 
-- O processo jornal do sistema foi iniciado, arquivos foram abertos e est
-- pronto para processar requisies.
jul 15 18:49:37 GUSTAVO-LINUX systemd-journald[334]: Runtime journal (/run/log/journal/8681f80991ab4cf4a7
-- Subject: Disk space used by the journal
-- Defined-By: systemd
-- Support: https://www.debian.org/support
-- 
-- Runtime journal (/run/log/journal/8681f80991ab4cf4a7e1237df8e61e42) is currently using 4.7M.
-- Maximum allowed usage is set to 38.1M.
-- Leaving at least 57.2M free (of currently available 376.8M of disk space).
-- Enforced usage limit is thus 38.1M, of which 33.4M are still available.
-- 
-- The limits controlling how much disk space is used by the journal may
-- be configured with SystemMaxUse=, SystemKeepFree=, SystemMaxFileSize=,
-- RuntimeMaxUse=, RuntimeKeepFree=, RuntimeMaxFileSize= settings in
-- /etc/systemd/journald.conf. See journald.conf(5) for details.
jul 15 18:49:37 GUSTAVO-LINUX kernel: vfs_monitor: loading out-of-tree module taints kernel.
jul 15 18:49:37 GUSTAVO-LINUX kernel: vfs_monitor: module verification failed: signature and/or required 
jul 15 18:49:37 GUSTAVO-LINUX kernel: mp: /, major: 8, minor: 5
jul 15 18:49:37 GUSTAVO-LINUX kernel: partition count: 1, comm[336]: systemd-modules, path: /lib/systemd/
jul 15 18:49:37 GUSTAVO-LINUX systemd-modules-load[336]: Inserted module 'vfs_monitor'
jul 15 18:49:37 GUSTAVO-LINUX kernel: register_kretprobes 10 ok
jul 15 18:49:38 GUSTAVO-LINUX systemd-modules-load[336]: Inserted module 'lp'
jul 15 18:49:38 GUSTAVO-LINUX kernel: lp: driver loaded but no devices found
jul 15 18:49:38 GUSTAVO-LINUX systemd[1]: Mounted Kernel Debug File System.
-- Subject: Unidade sys-kernel-debug.mount concluiu a inicializao
-- Defined-By: systemd
-- Support: https://www.debian.org/support
-- 
-- A unidade sys-kernel-debug.mount concluiu a inicializao.
-- 
-- The start-up result is done.
jul 15 18:49:38 GUSTAVO-LINUX systemd[1]: Mounted POSIX Message Queue File System.
-- Subject: Unidade dev-mqueue.mount concluiu a inicializao
-- Defined-By: systemd
-- Support: https://www.debian.org/support
-- 
-- A unidade dev-mqueue.mount concluiu a inicializao.
-- 
-- The start-up result is done.
jul 15 18:49:38 GUSTAVO-LINUX systemd[1]: Mounted Huge Pages File System.
-- Subject: Unidade dev-hugepages.mount concluiu a inicializao
-- Defined-By: systemd
-- Support: https://www.debian.org/support
-- 
-- A unidade dev-hugepages.mount concluiu a inicializao.
-- 
-- The start-up result is done.
jul 15 18:49:38 GUSTAVO-LINUX systemd[1]: Started Create Static Device Nodes in /dev.
-- Subject: Unidade systemd-tmpfiles-setup-dev.service concluiu a inicializao
-- Defined-By: systemd
-- Support: https://www.debian.org/support
-- 
-- A unidade systemd-tmpfiles-setup-dev.service concluiu a inicializao.
-- 
-- The start-up result is done.
jul 15 18:49:38 GUSTAVO-LINUX systemd[1]: Starting udev Kernel Device Manager...
-- Subject: Unidade systemd-udevd.service sendo iniciado
-- Defined-By: systemd
-- Support: https://www.debian.org/support
-- 
-- A unidade systemd-udevd.service est sendo iniciada.
jul 15 18:49:38 GUSTAVO-LINUX systemd-modules-load[336]: Inserted module 'ppdev'
jul 15 18:49:38 GUSTAVO-LINUX kernel: ppdev: user-space parallel port driver
jul 15 18:49:38 GUSTAVO-LINUX systemd[1]: Started Remount Root and Kernel File Systems.
-- Subject: Unidade systemd-remount-fs.service concluiu a inicializao
-- Defined-By: systemd
-- Support: https://www.debian.org/support
-- 
-- A unidade systemd-remount-fs.service concluiu a inicializao.
-- 
-- The start-up result is done.
jul 15 18:49:38 GUSTAVO-LINUX kernel: EXT4-fs (sda5): re-mounted. Opts: data=ordered
jul 15 18:49:38 GUSTAVO-LINUX systemd-modules-load[336]: Inserted module 'parport_pc'
jul 15 18:49:38 GUSTAVO-LINUX systemd[1]: Starting udev Coldplug all Devices...
-- Subject: Unidade systemd-udev-trigger.service sendo iniciado
-- Defined-By: systemd
-- Support: https://www.debian.org/support
-- 
-- A unidade systemd-udev-trigger.service est sendo iniciada.
jul 15 18:49:38 GUSTAVO-LINUX systemd[1]: Starting Flush Journal to Persistent Storage...
-- Subject: Unidade systemd-journal-flush.service sendo iniciado
-- Defined-By: systemd
-- Support: https://www.debian.org/support
-- 
-- A unidade systemd-journal-flush.service est sendo iniciada.
jul 15 18:49:38 GUSTAVO-LINUX systemd[1]: Starting Load/Save Random Seed...
-- Subject: Unidade systemd-random-seed.service sendo iniciado
-- Defined-By: systemd
-- Support: https://www.debian.org/support
-- 
-- A unidade systemd-random-seed.service est sendo iniciada.
jul 15 18:49:38 GUSTAVO-LINUX systemd[1]: Mounted Arbitrary Executable File Formats File System.
-- Subject: Unidade proc-sys-fs-binfmt_misc.mount concluiu a inicializao
-- Defined-By: systemd
-- Support: https://www.debian.org/support
-- 
-- A unidade proc-sys-fs-binfmt_misc.mount concluiu a inicializao.
-- 
-- The start-up result is done.
jul 15 18:49:38 GUSTAVO-LINUX systemd[1]: Started Load Kernel Modules.
-- Subject: Unidade systemd-modules-load.service concluiu a inicializao
-- Defined-By: systemd
-- Support: https://www.debian.org/support
-- 
-- A unidade systemd-modules-load.service concluiu a inicializao.
-- 
-- The start-up result is done.
jul 15 18:49:38 GUSTAVO-LINUX systemd[1]: Starting Apply Kernel Variables...
-- Subject: Unidade systemd-sysctl.service sendo iniciado
-- Defined-By: systemd
-- Support: https://www.debian.org/support
-- 
-- A unidade systemd-sysctl.service est sendo iniciada.
jul 15 18:49:38 GUSTAVO-LINUX systemd[1]: Mounting Kernel Configuration File System...
-- Subject: Unidade sys-kernel-config.mount sendo iniciado
-- Defined-By: systemd
-- Support: https://www.debian.org/support
-- 
-- A unidade sys-kernel-config.mount est sendo iniciada.
jul 15 18:49:38 GUSTAVO-LINUX systemd[1]: Mounting FUSE Control File System...
-- Subject: Unidade sys-fs-fuse-connections.mount sendo iniciado
-- Defined-By: systemd
-- Support: https://www.debian.org/support
-- 
-- A unidade sys-fs-fuse-connections.mount est sendo iniciada.
jul 15 18:49:38 GUSTAVO-LINUX systemd[1]: Mounted Kernel Configuration File System.
-- Subject: Unidade sys-kernel-config.mount concluiu a inicializao
-- Defined-By: systemd
-- Support: https://www.debian.org/support
-- 
-- A unidade sys-kernel-config.mount concluiu a inicializao.
-- 
-- The start-up result is done.
jul 15 18:49:38 GUSTAVO-LINUX systemd[1]: Mounted FUSE Control File System.
-- Subject: Unidade sys-fs-fuse-connections.mount concluiu a inicializao
-- Defined-By: systemd
-- Support: https://www.debian.org/support
-- 
-- A unidade sys-fs-fuse-connections.mount concluiu a inicializao.
-- 
-- The start-up result is done.
jul 15 18:49:38 GUSTAVO-LINUX systemd[1]: Started LVM2 metadata daemon.
-- Subject: Unidade lvm2-lvmetad.service concluiu a inicializao
-- Defined-By: systemd
-- Support: https://www.debian.org/support
-- 
-- A unidade lvm2-lvmetad.service concluiu a inicializao.
-- 
-- The start-up result is done.
jul 15 18:49:38 GUSTAVO-LINUX systemd-journald[334]: Time spent on flushing to /var is 11.736460s for 941
jul 15 18:49:38 GUSTAVO-LINUX systemd-journald[334]: System journal (/var/log/journal/8681f80991ab4cf4a7e
-- Subject: Disk space used by the journal
-- Defined-By: systemd
-- Support: https://www.debian.org/support
-- 
-- System journal (/var/log/journal/8681f80991ab4cf4a7e1237df8e61e42) is currently using 528.5M.
-- Maximum allowed usage is set to 500.0M.
-- Leaving at least 4.0G free (of currently available 341.7G of disk space).
-- Enforced usage limit is thus 500.0M, of which 0B are still available.
-- 
-- The limits controlling how much disk space is used by the journal may
-- be configured with SystemMaxUse=, SystemKeepFree=, SystemMaxFileSize=,
-- RuntimeMaxUse=, RuntimeKeepFree=, RuntimeMaxFileSize= settings in
-- /etc/systemd/journald.conf. See journald.conf(5) for details.
jul 15 18:49:53 GUSTAVO-LINUX kernel: partition /snap/vscode/42 [7, 0] added, comm[359]: mount
jul 15 18:49:53 GUSTAVO-LINUX kernel: partition /snap/retroarch/120 [7, 2] added, comm[358]: mount
jul 15 18:49:53 GUSTAVO-LINUX kernel: partition /snap/gimp/40 [7, 3] added, comm[362]: mount
jul 15 18:49:53 GUSTAVO-LINUX kernel: partition /snap/core/4917 [7, 6] added, comm[363]: mount
jul 15 18:49:53 GUSTAVO-LINUX kernel: partition /snap/spotify/16 [7, 5] added, comm[364]: mount
jul 15 18:49:53 GUSTAVO-LINUX kernel: partition /snap/libreoffice/65 [7, 4] added, comm[360]: mount
jul 15 18:49:53 GUSTAVO-LINUX kernel: partition /snap/vlc/365 [7, 1] added, comm[361]: mount
jul 15 18:49:53 GUSTAVO-LINUX kernel: shpchp: Standard Hot Plug PCI Controller Driver version: 0.4
jul 15 18:49:53 GUSTAVO-LINUX kernel: mei_me 0000:00:16.0: enabling device (0000 -> 0002)
jul 15 18:49:53 GUSTAVO-LINUX kernel: cfg80211: Loading compiled-in X.509 certificates for regulatory dat
jul 15 18:49:53 GUSTAVO-LINUX kernel: cfg80211: Loaded X.509 cert 'sforshee: 00b28ddf47aef9cea7'
jul 15 18:49:53 GUSTAVO-LINUX kernel: input: Ideapad extra buttons as /devices/pci0000:00/0000:00:1f.0/PN
jul 15 18:49:53 GUSTAVO-LINUX kernel: platform regulatory.0: Direct firmware load for regulatory.db faile
jul 15 18:49:53 GUSTAVO-LINUX kernel: cfg80211: failed to load regulatory.db
jul 15 18:49:53 GUSTAVO-LINUX kernel: (NULL device *): hwmon_device_register() is deprecated. Please conv
jul 15 18:49:53 GUSTAVO-LINUX kernel: input: PC Speaker as /devices/platform/pcspkr/input/input10
jul 15 18:49:53 GUSTAVO-LINUX kernel: Error: Driver 'pcspkr' is already registered, aborting...
jul 15 18:49:53 GUSTAVO-LINUX kernel: ath10k_pci 0000:02:00.0: pci irq msi oper_irq_mode 2 irq_mode 0 res
jul 15 18:49:53 GUSTAVO-LINUX kernel: snd_hda_intel 0000:00:1f.3: bound 0000:00:02.0 (ops i915_audio_comp
jul 15 18:49:53 GUSTAVO-LINUX kernel: RAPL PMU: API unit is 2^-32 Joules, 5 fixed counters, 655360 ms ovf
jul 15 18:49:53 GUSTAVO-LINUX kernel: RAPL PMU: hw unit of domain pp0-core 2^-14 Joules
jul 15 18:49:53 GUSTAVO-LINUX kernel: RAPL PMU: hw unit of domain package 2^-14 Joules
jul 15 18:49:53 GUSTAVO-LINUX kernel: RAPL PMU: hw unit of domain dram 2^-14 Joules
jul 15 18:49:53 GUSTAVO-LINUX kernel: RAPL PMU: hw unit of domain pp1-gpu 2^-14 Joules
jul 15 18:49:53 GUSTAVO-LINUX kernel: RAPL PMU: hw unit of domain psys 2^-14 Joules
jul 15 18:49:53 GUSTAVO-LINUX kernel: ath10k_pci 0000:02:00.0: Direct firmware load for ath10k/pre-cal-pc
jul 15 18:49:53 GUSTAVO-LINUX kernel: ath10k_pci 0000:02:00.0: Direct firmware load for ath10k/cal-pci-00
jul 15 18:49:53 GUSTAVO-LINUX kernel: ath10k_pci 0000:02:00.0: Direct firmware load for ath10k/QCA9377/hw
jul 15 18:49:53 GUSTAVO-LINUX kernel: ath10k_pci 0000:02:00.0: qca9377 hw1.0 target 0x05020000 chip_id 0x
jul 15 18:49:53 GUSTAVO-LINUX kernel: ath10k_pci 0000:02:00.0: kconfig debug 0 debugfs 1 tracing 1 dfs 0 
jul 15 18:49:53 GUSTAVO-LINUX kernel: ath10k_pci 0000:02:00.0: firmware ver WLAN.TF.1.0-00267-1 api 5 fea
jul 15 18:49:53 GUSTAVO-LINUX kernel: Bluetooth: Core ver 2.22
jul 15 18:49:53 GUSTAVO-LINUX kernel: NET: Registered protocol family 31
jul 15 18:49:53 GUSTAVO-LINUX kernel: Bluetooth: HCI device and connection manager initialized
jul 15 18:49:53 GUSTAVO-LINUX kernel: Bluetooth: HCI socket layer initialized
jul 15 18:49:53 GUSTAVO-LINUX kernel: Bluetooth: L2CAP socket layer initialized
jul 15 18:49:53 GUSTAVO-LINUX kernel: Bluetooth: SCO socket layer initialized
jul 15 18:49:53 GUSTAVO-LINUX kernel: ath10k_pci 0000:02:00.0: board_file api 2 bmi_id N/A crc32 8aedfa4a
jul 15 18:49:53 GUSTAVO-LINUX kernel: usbcore: registered new interface driver btusb
jul 15 18:49:53 GUSTAVO-LINUX kernel: wl: module license 'MIXED/Proprietary' taints kernel.
jul 15 18:49:53 GUSTAVO-LINUX kernel: Disabling lock debugging due to kernel taint
jul 15 18:49:53 GUSTAVO-LINUX kernel: media: Linux media interface: v0.10
jul 15 18:49:53 GUSTAVO-LINUX kernel: Linux video capture interface: v2.00
jul 15 18:49:53 GUSTAVO-LINUX kernel: snd_hda_codec_conexant hdaudioC0D0: CX20751/2: BIOS auto-probing.
jul 15 18:49:53 GUSTAVO-LINUX kernel: snd_hda_codec_conexant hdaudioC0D0: autoconfig for CX20751/2: line_
jul 15 18:49:53 GUSTAVO-LINUX kernel: snd_hda_codec_conexant hdaudioC0D0:    speaker_outs=0 (0x0/0x0/0x0/
jul 15 18:49:53 GUSTAVO-LINUX kernel: snd_hda_codec_conexant hdaudioC0D0:    hp_outs=1 (0x16/0x0/0x0/0x0/
jul 15 18:49:53 GUSTAVO-LINUX kernel: snd_hda_codec_conexant hdaudioC0D0:    mono: mono_out=0x0
jul 15 18:49:53 GUSTAVO-LINUX kernel: snd_hda_codec_conexant hdaudioC0D0:    inputs:
jul 15 18:49:53 GUSTAVO-LINUX kernel: snd_hda_codec_conexant hdaudioC0D0:      Internal Mic=0x1a
jul 15 18:49:53 GUSTAVO-LINUX kernel: snd_hda_codec_conexant hdaudioC0D0:      Mic=0x19
jul 15 18:49:53 GUSTAVO-LINUX kernel: snd_hda_codec_conexant hdaudioC0D0: Enable sync_write for stable co
jul 15 18:49:53 GUSTAVO-LINUX kernel: input: HDA Intel PCH Mic as /devices/pci0000:00/0000:00:1f.3/sound/
jul 15 18:49:53 GUSTAVO-LINUX kernel: input: HDA Intel PCH Headphone as /devices/pci0000:00/0000:00:1f.3/
jul 15 18:49:53 GUSTAVO-LINUX kernel: input: HDA Intel PCH HDMI/DP,pcm=3 as /devices/pci0000:00/0000:00:1
jul 15 18:49:53 GUSTAVO-LINUX kernel: input: HDA Intel PCH HDMI/DP,pcm=7 as /devices/pci0000:00/0000:00:1
jul 15 18:49:53 GUSTAVO-LINUX kernel: input: HDA Intel PCH HDMI/DP,pcm=8 as /devices/pci0000:00/0000:00:1
jul 15 18:49:53 GUSTAVO-LINUX kernel: input: HDA Intel PCH HDMI/DP,pcm=9 as /devices/pci0000:00/0000:00:1
jul 15 18:49:53 GUSTAVO-LINUX kernel: input: HDA Intel PCH HDMI/DP,pcm=10 as /devices/pci0000:00/0000:00:
jul 15 18:49:53 GUSTAVO-LINUX kernel: intel_rapl: Found RAPL domain package
jul 15 18:49:53 GUSTAVO-LINUX kernel: intel_rapl: Found RAPL domain core
jul 15 18:49:53 GUSTAVO-LINUX kernel: intel_rapl: Found RAPL domain uncore
jul 15 18:49:53 GUSTAVO-LINUX kernel: intel_rapl: Found RAPL domain dram
jul 15 18:49:53 GUSTAVO-LINUX kernel: ath10k_pci 0000:02:00.0: htt-ver 3.1 wmi-op 4 htt-op 3 cal otp max-
jul 15 18:49:53 GUSTAVO-LINUX kernel: ath: EEPROM regdomain: 0x6c
jul 15 18:49:53 GUSTAVO-LINUX kernel: ath: EEPROM indicates we should expect a direct regpair map
jul 15 18:49:53 GUSTAVO-LINUX kernel: ath: Country alpha2 being used: 00
jul 15 18:49:53 GUSTAVO-LINUX kernel: ath: Regpair used: 0x6c
jul 15 18:49:53 GUSTAVO-LINUX kernel: uvcvideo: Found UVC 1.00 device EasyCamera (174f:1172)
jul 15 18:49:53 GUSTAVO-LINUX kernel: uvcvideo 1-5:1.0: Entity type for entity Extension 7 was not initia
jul 15 18:49:53 GUSTAVO-LINUX kernel: uvcvideo 1-5:1.0: Entity type for entity Processing 2 was not initi
jul 15 18:49:53 GUSTAVO-LINUX kernel: uvcvideo 1-5:1.0: Entity type for entity Camera 1 was not initializ
jul 15 18:49:53 GUSTAVO-LINUX kernel: uvcvideo 1-5:1.0: Entity type for entity Extension 4 was not initia
jul 15 18:49:53 GUSTAVO-LINUX kernel: input: EasyCamera: EasyCamera as /devices/pci0000:00/0000:00:14.0/u
jul 15 18:49:53 GUSTAVO-LINUX kernel: usbcore: registered new interface driver uvcvideo
jul 15 18:49:53 GUSTAVO-LINUX kernel: USB Video Class driver (1.1.1)
jul 15 18:49:53 GUSTAVO-LINUX kernel: ath10k_pci 0000:02:00.0 wlp2s0: renamed from wlan0
jul 15 18:49:53 GUSTAVO-LINUX kernel: Adding 2097148k swap on /dev/sda6.  Priority:-2 extents:1 across:20
jul 15 18:49:53 GUSTAVO-LINUX kernel: audit: type=1400 audit(1531694990.782:2): apparmor="STATUS" operati
jul 15 18:49:53 GUSTAVO-LINUX kernel: audit: type=1400 audit(1531694990.822:3): apparmor="STATUS" operati
jul 15 18:49:53 GUSTAVO-LINUX kernel: audit: type=1400 audit(1531694990.822:4): apparmor="STATUS" operati
jul 15 18:49:53 GUSTAVO-LINUX kernel: audit: type=1400 audit(1531694990.838:5): apparmor="STATUS" operati
jul 15 18:49:53 GUSTAVO-LINUX kernel: audit: type=1400 audit(1531694990.854:6): apparmor="STATUS" operati
jul 15 18:49:53 GUSTAVO-LINUX kernel: audit: type=1400 audit(1531694990.858:7): apparmor="STATUS" operati
jul 15 18:49:53 GUSTAVO-LINUX kernel: audit: type=1400 audit(1531694990.862:8): apparmor="STATUS" operati
jul 15 18:49:53 GUSTAVO-LINUX kernel: audit: type=1400 audit(1531694990.866:9): apparmor="STATUS" operati
jul 15 18:49:53 GUSTAVO-LINUX kernel: audit: type=1400 audit(1531694990.870:10): apparmor="STATUS" operat
jul 15 18:49:53 GUSTAVO-LINUX kernel: audit: type=1400 audit(1531694990.870:11): apparmor="STATUS" operat
jul 15 18:49:53 GUSTAVO-LINUX kernel: partition /boot/efi [8, 2] added, comm[696]: mount
jul 15 18:49:50 GUSTAVO-LINUX audit[693]: AVC apparmor="STATUS" operation="profile_load" profile="unconfi
jul 15 18:49:50 GUSTAVO-LINUX audit[690]: AVC apparmor="STATUS" operation="profile_load" profile="unconfi
jul 15 18:49:50 GUSTAVO-LINUX audit[690]: AVC apparmor="STATUS" operation="profile_load" profile="unconfi
jul 15 18:49:50 GUSTAVO-LINUX audit[697]: AVC apparmor="STATUS" operation="profile_load" profile="unconfi
jul 15 18:49:50 GUSTAVO-LINUX audit[698]: AVC apparmor="STATUS" operation="profile_load" profile="unconfi
jul 15 18:49:50 GUSTAVO-LINUX audit[700]: AVC apparmor="STATUS" operation="profile_load" profile="unconfi
